Completed 1/358 [0%] station 07 (     Line001_009)  RMS=3.097  iters= 3  NOT CONVERGED  time elapsed: 12.9 s, estimated time remaining: 1.3 h.
Completed 2/358 [1%] station 04 (     Line001_005)  RMS=3.466  iters= 3  NOT CONVERGED  time elapsed: 13.0 s, estimated time remaining: 38.4 min.
Completed 3/358 [1%] station 08 (     Line001_011)  RMS=3.155  iters= 3  NOT CONVERGED  time elapsed: 13.0 s, estimated time remaining: 25.6 min.
Completed 4/358 [1%] station 05 (     Line001_006)  RMS=0.934  iters= 6  OK            time elapsed: 18.7 s, estimated time remaining: 27.6 min.
Completed 5/358 [1%] station 06 (     Line001_007)  RMS=0.965  iters= 6  OK            time elapsed: 20.2 s, estimated time remaining: 23.7 min.
Completed 6/358 [2%] station 00 (     Line001_001)  RMS=0.990  iters= 6  OK            time elapsed: 20.3 s, estimated time remaining: 19.8 min.
Completed 7/358 [2%] station 02 (     Line001_003)  RMS=0.979  iters= 6  OK            time elapsed: 20.6 s, estimated time remaining: 17.2 min.
Completed 8/358 [2%] station 09 (     Line001_012)  RMS=2.938  iters= 3  NOT CONVERGED  time elapsed: 24.6 s, estimated time remaining: 17.9 min.
Completed 9/358 [3%] station 11 (     Line001_014)  RMS=3.149  iters= 3  NOT CONVERGED  time elapsed: 24.6 s, estimated time remaining: 15.9 min.
Completed 10/358 [3%] station 12 (     Line001_015)  RMS=3.183  iters= 3  NOT CONVERGED  time elapsed: 30.2 s, estimated time remaining: 17.5 min.
Completed 11/358 [3%] station 14 (     Line001_017)  RMS=3.179  iters= 3  NOT CONVERGED  time elapsed: 31.6 s, estimated time remaining: 16.6 min.
Completed 12/358 [3%] station 15 (     Line001_018)  RMS=3.171  iters= 3  NOT CONVERGED  time elapsed: 31.9 s, estimated time remaining: 15.3 min.
Completed 13/358 [4%] station 16 (     Line001_019)  RMS=3.179  iters= 3  NOT CONVERGED  time elapsed: 35.1 s, estimated time remaining: 15.5 min.
Completed 14/358 [4%] station 21 (     Line002_005)  RMS=0.867  iters= 4  OK            time elapsed: 36.9 s, estimated time remaining: 15.1 min.
Completed 15/358 [4%] station 10 (     Line001_013)  RMS=0.999  iters= 8  OK            time elapsed: 38.4 s, estimated time remaining: 14.6 min.
Completed 16/358 [4%] station 01 (     Line001_002)  RMS=1.326  iters=11  NOT CONVERGED  time elapsed: 39.8 s, estimated time remaining: 14.2 min.
Completed 17/358 [5%] station 22 (     Line002_006)  RMS=0.868  iters= 5  OK            time elapsed: 44.5 s, estimated time remaining: 14.9 min.
Completed 18/358 [5%] station 23 (     Line002_007)  RMS=0.949  iters= 5  OK            time elapsed: 45.9 s, estimated time remaining: 14.4 min.
Completed 19/358 [5%] station 13 (     Line001_016)  RMS=0.999  iters= 9  OK            time elapsed: 47.3 s, estimated time remaining: 14.1 min.
Completed 20/358 [6%] station 29 (     Line002_013)  RMS=0.997  iters= 5  OK            time elapsed: 49.1 s, estimated time remaining: 13.8 min.
Completed 21/358 [6%] station 28 (     Line002_012)  RMS=1.024  iters= 5  NOT CONVERGED  time elapsed: 50.1 s, estimated time remaining: 13.4 min.
Completed 22/358 [6%] station 30 (     Line002_014)  RMS=0.940  iters= 6  OK            time elapsed: 53.3 s, estimated time remaining: 13.6 min.
Completed 23/358 [6%] station 33 (     Line002_017)  RMS=0.928  iters= 4  OK            time elapsed: 53.9 s, estimated time remaining: 13.1 min.
Completed 24/358 [7%] station 24 (     Line002_008)  RMS=1.584  iters= 8  NOT CONVERGED  time elapsed: 54.7 s, estimated time remaining: 12.7 min.
Completed 25/358 [7%] station 37 (     Line002_021)  RMS=1.000  iters= 4  OK            time elapsed: 1.0 min, estimated time remaining: 13.5 min.
Completed 26/358 [7%] station 39 (     Line002_023)  RMS=0.969  iters= 4  OK            time elapsed: 1.0 min, estimated time remaining: 13.0 min.
Completed 27/358 [8%] station 38 (     Line002_022)  RMS=0.848  iters= 4  OK            time elapsed: 1.0 min, estimated time remaining: 12.5 min.
Completed 28/358 [8%] station 32 (     Line002_016)  RMS=0.977  iters= 8  OK            time elapsed: 1.0 min, estimated time remaining: 12.0 min.
Completed 29/358 [8%] station 40 (     Line002_024)  RMS=1.893  iters= 3  NOT CONVERGED  time elapsed: 1.1 min, estimated time remaining: 12.6 min.
Completed 30/358 [8%] station 42 (     Line002_026)  RMS=1.721  iters= 3  NOT CONVERGED  time elapsed: 1.1 min, estimated time remaining: 12.1 min.
Completed 31/358 [9%] station 41 (     Line002_025)  RMS=1.824  iters= 3  NOT CONVERGED  time elapsed: 1.1 min, estimated time remaining: 11.7 min.
Completed 32/358 [9%] station 31 (     Line002_015)  RMS=1.146  iters=13  NOT CONVERGED  time elapsed: 1.1 min, estimated time remaining: 11.5 min.
Completed 33/358 [9%] station 43 (     Line002_027)  RMS=0.924  iters= 5  OK            time elapsed: 1.2 min, estimated time remaining: 11.4 min.
Completed 34/358 [9%] station 36 (     Line002_020)  RMS=1.721  iters=11  NOT CONVERGED  time elapsed: 1.2 min, estimated time remaining: 11.6 min.
Completed 35/358 [10%] station 44 (     Line002_028)  RMS=3.486  iters= 3  NOT CONVERGED  time elapsed: 1.2 min, estimated time remaining: 11.5 min.
Completed 36/358 [10%] station 46 (     Line002_030)  RMS=2.313  iters= 3  NOT CONVERGED  time elapsed: 1.3 min, estimated time remaining: 11.2 min.
Completed 37/358 [10%] station 47 (     Line002_031)  RMS=2.539  iters= 3  NOT CONVERGED  time elapsed: 1.3 min, estimated time remaining: 11.1 min.
Completed 38/358 [11%] station 34 (     Line002_018)  RMS=1.070  iters=14  NOT CONVERGED  time elapsed: 1.3 min, estimated time remaining: 11.1 min.
Completed 39/358 [11%] station 35 (     Line002_019)  RMS=1.078  iters=14  NOT CONVERGED  time elapsed: 1.3 min, estimated time remaining: 11.0 min.
Completed 40/358 [11%] station 45 (     Line002_029)  RMS=2.112  iters= 5  NOT CONVERGED  time elapsed: 1.4 min, estimated time remaining: 10.8 min.
Completed 41/358 [11%] station 52 (     Line003_002)  RMS=1.838  iters= 3  NOT CONVERGED  time elapsed: 1.4 min, estimated time remaining: 10.9 min.
Completed 42/358 [12%] station 53 (     Line003_003)  RMS=1.464  iters= 3  NOT CONVERGED  time elapsed: 1.4 min, estimated time remaining: 10.7 min.
Completed 43/358 [12%] station 49 (     Line002_033)  RMS=0.969  iters= 5  OK            time elapsed: 1.4 min, estimated time remaining: 10.4 min.
Completed 44/358 [12%] station 54 (     Line003_004)  RMS=1.637  iters= 3  NOT CONVERGED  time elapsed: 1.5 min, estimated time remaining: 10.4 min.
Completed 45/358 [13%] station 50 (     Line002_034)  RMS=0.881  iters= 6  OK            time elapsed: 1.5 min, estimated time remaining: 10.4 min.
Completed 46/358 [13%] station 48 (     Line002_032)  RMS=0.915  iters= 9  OK            time elapsed: 1.6 min, estimated time remaining: 10.6 min.
Completed 47/358 [13%] station 57 (     Line003_007)  RMS=0.984  iters= 5  OK            time elapsed: 1.6 min, estimated time remaining: 10.8 min.
Completed 48/358 [13%] station 62 (     Line003_012)  RMS=0.934  iters= 5  OK            time elapsed: 1.6 min, estimated time remaining: 10.6 min.
Completed 49/358 [14%] station 58 (     Line003_008)  RMS=0.993  iters= 5  OK            time elapsed: 1.7 min, estimated time remaining: 10.4 min.
Completed 50/358 [14%] station 63 (     Line003_013)  RMS=1.000  iters= 6  OK            time elapsed: 1.7 min, estimated time remaining: 10.7 min.
Completed 51/358 [14%] station 55 (     Line003_005)  RMS=1.000  iters= 9  OK            time elapsed: 1.8 min, estimated time remaining: 10.6 min.
Completed 52/358 [15%] station 69 (     Line003_019)  RMS=1.805  iters= 3  NOT CONVERGED  time elapsed: 1.8 min, estimated time remaining: 10.8 min.
Completed 53/358 [15%] station 65 (     Line003_015)  RMS=0.938  iters= 6  OK            time elapsed: 1.9 min, estimated time remaining: 10.7 min.
Completed 54/358 [15%] station 56 (     Line003_006)  RMS=1.532  iters=10  NOT CONVERGED  time elapsed: 1.9 min, estimated time remaining: 10.5 min.
Completed 55/358 [15%] station 67 (     Line003_017)  RMS=0.911  iters= 5  OK            time elapsed: 1.9 min, estimated time remaining: 10.4 min.
Completed 56/358 [16%] station 64 (     Line003_014)  RMS=1.000  iters= 8  OK            time elapsed: 1.9 min, estimated time remaining: 10.2 min.
Completed 57/358 [16%] station 70 (     Line003_020)  RMS=2.053  iters= 3  NOT CONVERGED  time elapsed: 1.9 min, estimated time remaining: 10.0 min.
Completed 58/358 [16%] station 71 (     Line003_021)  RMS=1.826  iters= 3  NOT CONVERGED  time elapsed: 1.9 min, estimated time remaining: 9.9 min.
Completed 59/358 [16%] station 74 (     Line003_024)  RMS=1.740  iters= 3  NOT CONVERGED  time elapsed: 2.0 min, estimated time remaining: 9.9 min.
Completed 60/358 [17%] station 73 (     Line003_023)  RMS=2.223  iters= 3  NOT CONVERGED  time elapsed: 2.0 min, estimated time remaining: 9.8 min.
Completed 61/358 [17%] station 77 (     Line003_027)  RMS=0.982  iters= 3  OK            time elapsed: 2.0 min, estimated time remaining: 9.7 min.
Completed 62/358 [17%] station 72 (     Line003_022)  RMS=0.946  iters= 7  OK            time elapsed: 2.0 min, estimated time remaining: 9.6 min.
Completed 63/358 [18%] station 79 (     Line003_029)  RMS=0.998  iters= 4  OK            time elapsed: 2.0 min, estimated time remaining: 9.5 min.
Completed 64/358 [18%] station 76 (     Line003_026)  RMS=0.959  iters= 5  OK            time elapsed: 2.0 min, estimated time remaining: 9.4 min.
Completed 65/358 [18%] station 66 (     Line003_016)  RMS=0.952  iters=12  OK            time elapsed: 2.1 min, estimated time remaining: 9.2 min.
Completed 66/358 [18%] station 75 (     Line003_025)  RMS=1.222  iters= 5  NOT CONVERGED  time elapsed: 2.1 min, estimated time remaining: 9.1 min.
Completed 67/358 [19%] station 80 (     Line003_030)  RMS=1.498  iters= 3  NOT CONVERGED  time elapsed: 2.1 min, estimated time remaining: 8.9 min.
Completed 68/358 [19%] station 86 (     Line003_036)  RMS=2.357  iters= 3  NOT CONVERGED  time elapsed: 2.1 min, estimated time remaining: 8.9 min.
Completed 69/358 [19%] station 87 (     Line003_037)  RMS=2.185  iters= 3  NOT CONVERGED  time elapsed: 2.1 min, estimated time remaining: 8.8 min.
Completed 70/358 [20%] station 88 (     Line003_038)  RMS=1.533  iters= 3  NOT CONVERGED  time elapsed: 2.1 min, estimated time remaining: 8.8 min.
Completed 71/358 [20%] station 89 (     Line003_039)  RMS=1.955  iters= 3  NOT CONVERGED  time elapsed: 2.1 min, estimated time remaining: 8.6 min.
Completed 72/358 [20%] station 90 (     Line004_001)  RMS=2.798  iters= 3  NOT CONVERGED  time elapsed: 2.1 min, estimated time remaining: 8.5 min.
Completed 73/358 [20%] station 92 (     Line004_004)  RMS=0.990  iters= 4  OK            time elapsed: 2.2 min, estimated time remaining: 8.4 min.
Completed 74/358 [21%] station 91 (     Line004_002)  RMS=1.164  iters= 5  NOT CONVERGED  time elapsed: 2.2 min, estimated time remaining: 8.5 min.
Completed 75/358 [21%] station 95 (     Line004_009)  RMS=2.106  iters= 3  NOT CONVERGED  time elapsed: 2.2 min, estimated time remaining: 8.4 min.
Completed 76/358 [21%] station 96 (     Line004_010)  RMS=2.035  iters= 3  NOT CONVERGED  time elapsed: 2.2 min, estimated time remaining: 8.3 min.
Completed 77/358 [22%] station 97 (     Line004_011)  RMS=3.983  iters= 3  NOT CONVERGED  time elapsed: 2.2 min, estimated time remaining: 8.2 min.
Completed 78/358 [22%] station 98 (     Line004_012)  RMS=2.950  iters= 3  NOT CONVERGED  time elapsed: 2.3 min, estimated time remaining: 8.1 min.
Completed 79/358 [22%] station 94 (     Line004_008)  RMS=0.995  iters= 6  OK            time elapsed: 2.3 min, estimated time remaining: 8.0 min.
Completed 80/358 [22%] station 93 (     Line004_006)  RMS=0.994  iters= 7  OK            time elapsed: 2.3 min, estimated time remaining: 7.9 min.
Completed 81/358 [23%] station 81 (     Line003_031)  RMS=2.543  iters=11  NOT CONVERGED  time elapsed: 2.3 min, estimated time remaining: 7.9 min.
Completed 82/358 [23%] station 99 (     Line004_014)  RMS=3.423  iters= 3  NOT CONVERGED  time elapsed: 2.3 min, estimated time remaining: 7.8 min.
Completed 83/358 [23%] station 100 (     Line004_015)  RMS=3.281  iters= 3  NOT CONVERGED  time elapsed: 2.3 min, estimated time remaining: 7.7 min.
Completed 84/358 [23%] station 101 (     Line004_016)  RMS=3.764  iters= 3  NOT CONVERGED  time elapsed: 2.3 min, estimated time remaining: 7.6 min.
Completed 85/358 [24%] station 102 (     Line004_017)  RMS=2.891  iters= 3  NOT CONVERGED  time elapsed: 2.4 min, estimated time remaining: 7.5 min.
Completed 86/358 [24%] station 107 (     Line004_023)  RMS=3.551  iters= 3  NOT CONVERGED  time elapsed: 2.4 min, estimated time remaining: 7.7 min.
Completed 87/358 [24%] station 108 (     Line004_024)  RMS=2.783  iters= 3  NOT CONVERGED  time elapsed: 2.4 min, estimated time remaining: 7.6 min.
Completed 88/358 [25%] station 111 (     Line004_028)  RMS=3.354  iters= 3  NOT CONVERGED  time elapsed: 2.5 min, estimated time remaining: 7.5 min.
Completed 89/358 [25%] station 112 (     Line004_029)  RMS=0.898  iters= 6  OK            time elapsed: 2.5 min, estimated time remaining: 7.6 min.
Completed 90/358 [25%] station 106 (     Line004_022)  RMS=0.967  iters= 7  OK            time elapsed: 2.5 min, estimated time remaining: 7.5 min.
Completed 91/358 [25%] station 115 (     Line004_032)  RMS=3.731  iters= 3  NOT CONVERGED  time elapsed: 2.6 min, estimated time remaining: 7.5 min.
Completed 92/358 [26%] station 114 (     Line004_031)  RMS=3.833  iters= 3  NOT CONVERGED  time elapsed: 2.6 min, estimated time remaining: 7.4 min.
Completed 93/358 [26%] station 103 (     Line004_018)  RMS=0.922  iters=10  OK            time elapsed: 2.6 min, estimated time remaining: 7.3 min.
Completed 94/358 [26%] station 104 (     Line004_019)  RMS=0.978  iters=10  OK            time elapsed: 2.6 min, estimated time remaining: 7.3 min.
Completed 95/358 [27%] station 105 (     Line004_021)  RMS=0.999  iters=10  OK            time elapsed: 2.6 min, estimated time remaining: 7.2 min.
Completed 96/358 [27%] station 113 (     Line004_030)  RMS=0.962  iters= 6  OK            time elapsed: 2.6 min, estimated time remaining: 7.2 min.
Completed 97/358 [27%] station 116 (     Line004_033)  RMS=3.124  iters= 3  NOT CONVERGED  time elapsed: 2.7 min, estimated time remaining: 7.2 min.
Completed 98/358 [27%] station 117 (     Line004_034)  RMS=3.088  iters= 3  NOT CONVERGED  time elapsed: 2.7 min, estimated time remaining: 7.1 min.
Completed 99/358 [28%] station 119 (     Line004_036)  RMS=3.514  iters= 3  NOT CONVERGED  time elapsed: 2.7 min, estimated time remaining: 7.1 min.
Completed 100/358 [28%] station 118 (     Line004_035)  RMS=3.073  iters= 3  NOT CONVERGED  time elapsed: 2.7 min, estimated time remaining: 7.0 min.
Completed 101/358 [28%] station 120 (     Line004_037)  RMS=3.233  iters= 3  NOT CONVERGED  time elapsed: 2.7 min, estimated time remaining: 6.9 min.
Completed 102/358 [28%] station 121 (     Line004_038)  RMS=2.979  iters= 3  NOT CONVERGED  time elapsed: 2.7 min, estimated time remaining: 6.8 min.
Completed 103/358 [29%] station 124 (     Line004_041)  RMS=2.781  iters= 3  NOT CONVERGED  time elapsed: 2.8 min, estimated time remaining: 6.9 min.
Completed 104/358 [29%] station 125 (     Line004_042)  RMS=3.125  iters= 3  NOT CONVERGED  time elapsed: 2.8 min, estimated time remaining: 6.8 min.
Completed 105/358 [29%] station 127 (     Line004_045)  RMS=2.449  iters= 3  NOT CONVERGED  time elapsed: 2.8 min, estimated time remaining: 6.8 min.
Completed 106/358 [30%] station 128 (     Line004_046)  RMS=2.866  iters= 3  NOT CONVERGED  time elapsed: 2.8 min, estimated time remaining: 6.7 min.
Completed 107/358 [30%] station 131 (     Line004_052)  RMS=2.889  iters= 3  NOT CONVERGED  time elapsed: 2.8 min, estimated time remaining: 6.7 min.
Completed 108/358 [30%] station 122 (     Line004_039)  RMS=3.089  iters= 6  NOT CONVERGED  time elapsed: 2.9 min, estimated time remaining: 6.6 min.
Completed 109/358 [30%] station 123 (     Line004_040)  RMS=1.472  iters= 6  NOT CONVERGED  time elapsed: 2.9 min, estimated time remaining: 6.5 min.
Completed 110/358 [31%] station 126 (     Line004_043)  RMS=1.325  iters= 5  NOT CONVERGED  time elapsed: 2.9 min, estimated time remaining: 6.5 min.
Completed 111/358 [31%] station 132 (     Line004_054)  RMS=2.650  iters= 3  NOT CONVERGED  time elapsed: 2.9 min, estimated time remaining: 6.4 min.
Completed 112/358 [31%] station 133 (     Line004_055)  RMS=2.953  iters= 3  NOT CONVERGED  time elapsed: 2.9 min, estimated time remaining: 6.4 min.
Completed 113/358 [32%] station 135 (     Line004_059)  RMS=3.085  iters= 3  NOT CONVERGED  time elapsed: 2.9 min, estimated time remaining: 6.4 min.
Completed 114/358 [32%] station 137 (     Line004_062)  RMS=3.534  iters= 3  NOT CONVERGED  time elapsed: 3.0 min, estimated time remaining: 6.3 min.
Completed 115/358 [32%] station 134 (     Line004_057)  RMS=0.978  iters= 5  OK            time elapsed: 3.0 min, estimated time remaining: 6.3 min.
Completed 116/358 [32%] station 136 (     Line004_060)  RMS=0.999  iters= 5  OK            time elapsed: 3.0 min, estimated time remaining: 6.2 min.
Completed 117/358 [33%] station 138 (     Line004_063)  RMS=0.947  iters= 6  OK            time elapsed: 3.0 min, estimated time remaining: 6.3 min.
Completed 118/358 [33%] station 139 (     Line004_064)  RMS=0.967  iters= 6  OK            time elapsed: 3.1 min, estimated time remaining: 6.2 min.
Completed 119/358 [33%] station 146 (     Line005_007)  RMS=0.986  iters= 3  OK            time elapsed: 3.1 min, estimated time remaining: 6.1 min.
Completed 120/358 [34%] station 145 (     Line005_006)  RMS=0.999  iters= 4  OK            time elapsed: 3.1 min, estimated time remaining: 6.1 min.
Completed 121/358 [34%] station 144 (     Line005_005)  RMS=0.888  iters= 4  OK            time elapsed: 3.1 min, estimated time remaining: 6.0 min.
Completed 122/358 [34%] station 142 (     Line005_003)  RMS=3.143  iters= 5  NOT CONVERGED  time elapsed: 3.1 min, estimated time remaining: 5.9 min.
Completed 123/358 [34%] station 147 (     Line005_008)  RMS=0.976  iters= 4  OK            time elapsed: 3.1 min, estimated time remaining: 5.9 min.
Completed 124/358 [35%] station 143 (     Line005_004)  RMS=0.874  iters= 7  OK            time elapsed: 3.1 min, estimated time remaining: 5.9 min.
Completed 125/358 [35%] station 151 (     Line005_013)  RMS=0.999  iters= 3  OK            time elapsed: 3.1 min, estimated time remaining: 5.8 min.
Completed 126/358 [35%] station 152 (     Line005_015)  RMS=0.999  iters= 3  OK            time elapsed: 3.1 min, estimated time remaining: 5.8 min.
Completed 127/358 [35%] station 153 (     Line005_017)  RMS=0.999  iters= 3  OK            time elapsed: 3.2 min, estimated time remaining: 5.7 min.
Completed 128/358 [36%] station 149 (     Line005_011)  RMS=0.987  iters= 4  OK            time elapsed: 3.2 min, estimated time remaining: 5.7 min.
Completed 129/358 [36%] station 150 (     Line005_012)  RMS=0.944  iters= 4  OK            time elapsed: 3.2 min, estimated time remaining: 5.6 min.
Completed 130/358 [36%] station 148 (     Line005_010)  RMS=0.941  iters= 5  OK            time elapsed: 3.2 min, estimated time remaining: 5.6 min.
Completed 131/358 [37%] station 154 (     Line005_018)  RMS=0.911  iters= 3  OK            time elapsed: 3.2 min, estimated time remaining: 5.5 min.
Completed 132/358 [37%] station 155 (     Line005_020)  RMS=0.999  iters= 3  OK            time elapsed: 3.2 min, estimated time remaining: 5.5 min.
Completed 133/358 [37%] station 156 (     Line005_022)  RMS=1.000  iters= 3  OK            time elapsed: 3.2 min, estimated time remaining: 5.4 min.
Completed 134/358 [37%] station 157 (     Line005_023)  RMS=0.882  iters= 3  OK            time elapsed: 3.2 min, estimated time remaining: 5.4 min.
Completed 135/358 [38%] station 158 (     Line005_024)  RMS=1.000  iters= 3  OK            time elapsed: 3.2 min, estimated time remaining: 5.3 min.
Completed 136/358 [38%] station 160 (     Line005_027)  RMS=0.962  iters= 3  OK            time elapsed: 3.3 min, estimated time remaining: 5.3 min.
Completed 137/358 [38%] station 167 (     Line005_034)  RMS=0.999  iters= 3  OK            time elapsed: 3.3 min, estimated time remaining: 5.3 min.
Completed 138/358 [39%] station 161 (     Line005_028)  RMS=0.973  iters= 4  OK            time elapsed: 3.3 min, estimated time remaining: 5.3 min.
Completed 139/358 [39%] station 168 (     Line005_036)  RMS=1.000  iters= 4  OK            time elapsed: 3.3 min, estimated time remaining: 5.3 min.
Completed 140/358 [39%] station 169 (     Line005_038)  RMS=0.999  iters= 4  OK            time elapsed: 3.4 min, estimated time remaining: 5.3 min.
Completed 141/358 [39%] station 170 (     Line005_040)  RMS=0.999  iters= 4  OK            time elapsed: 3.4 min, estimated time remaining: 5.2 min.
Completed 142/358 [40%] station 171 (     Line005_042)  RMS=0.999  iters= 4  OK            time elapsed: 3.4 min, estimated time remaining: 5.2 min.
Completed 143/358 [40%] station 159 (     Line005_026)  RMS=0.999  iters= 7  OK            time elapsed: 3.5 min, estimated time remaining: 5.2 min.
Completed 144/358 [40%] station 172 (     Line005_043)  RMS=1.000  iters= 6  OK            time elapsed: 3.6 min, estimated time remaining: 5.3 min.
Completed 145/358 [41%] station 173 (     Line005_045)  RMS=1.000  iters= 6  OK            time elapsed: 3.6 min, estimated time remaining: 5.2 min.
Completed 146/358 [41%] station 180 (     Line005_055)  RMS=1.000  iters= 4  OK            time elapsed: 3.6 min, estimated time remaining: 5.2 min.
Completed 147/358 [41%] station 181 (     Line005_057)  RMS=0.999  iters= 5  OK            time elapsed: 3.6 min, estimated time remaining: 5.2 min.
Completed 148/358 [41%] station 179 (     Line005_054)  RMS=1.000  iters= 5  OK            time elapsed: 3.6 min, estimated time remaining: 5.2 min.
Completed 149/358 [42%] station 174 (     Line005_047)  RMS=0.992  iters= 7  OK            time elapsed: 3.7 min, estimated time remaining: 5.1 min.
Completed 150/358 [42%] station 175 (     Line005_049)  RMS=1.003  iters= 6  NOT CONVERGED  time elapsed: 3.7 min, estimated time remaining: 5.1 min.
Completed 151/358 [42%] station 186 (     Line005_064)  RMS=0.959  iters= 3  OK            time elapsed: 3.7 min, estimated time remaining: 5.1 min.
Completed 152/358 [42%] station 182 (     Line005_059)  RMS=1.999  iters= 4  NOT CONVERGED  time elapsed: 3.7 min, estimated time remaining: 5.1 min.
Completed 153/358 [43%] station 188 (     Line005_066)  RMS=1.000  iters= 3  OK            time elapsed: 3.8 min, estimated time remaining: 5.1 min.
Completed 154/358 [43%] station 189 (     Line005_067)  RMS=1.000  iters= 3  OK            time elapsed: 3.8 min, estimated time remaining: 5.0 min.
Completed 155/358 [43%] station 190 (     Line005_069)  RMS=0.954  iters= 3  OK            time elapsed: 3.8 min, estimated time remaining: 5.0 min.
Completed 156/358 [44%] station 183 (     Line005_060)  RMS=2.003  iters= 5  NOT CONVERGED  time elapsed: 3.8 min, estimated time remaining: 5.0 min.
Completed 157/358 [44%] station 184 (     Line005_062)  RMS=1.452  iters= 5  NOT CONVERGED  time elapsed: 3.9 min, estimated time remaining: 5.0 min.
Completed 158/358 [44%] station 191 (     Line005_071)  RMS=1.000  iters= 3  OK            time elapsed: 3.9 min, estimated time remaining: 4.9 min.
Completed 159/358 [44%] station 192 (     Line005_072)  RMS=0.923  iters= 4  OK            time elapsed: 3.9 min, estimated time remaining: 4.9 min.
Completed 160/358 [45%] station 187 (     Line005_065)  RMS=0.871  iters= 6  OK            time elapsed: 4.0 min, estimated time remaining: 4.9 min.
Completed 161/358 [45%] station 195 (     Line005_075)  RMS=0.852  iters= 3  OK            time elapsed: 4.0 min, estimated time remaining: 4.8 min.
Completed 162/358 [45%] station 198 (     Line005_078)  RMS=0.896  iters= 2  OK            time elapsed: 4.0 min, estimated time remaining: 4.8 min.
Completed 163/358 [46%] station 202 (     Line006_001)  RMS=0.859  iters= 3  OK            time elapsed: 4.1 min, estimated time remaining: 4.9 min.
Completed 164/358 [46%] station 197 (     Line005_077)  RMS=1.000  iters= 4  OK            time elapsed: 4.1 min, estimated time remaining: 4.8 min.
Completed 165/358 [46%] station 193 (     Line005_073)  RMS=0.973  iters= 6  OK            time elapsed: 4.1 min, estimated time remaining: 4.8 min.
Completed 166/358 [46%] station 200 (     Line005_080)  RMS=0.983  iters= 3  OK            time elapsed: 4.1 min, estimated time remaining: 4.7 min.
Completed 167/358 [47%] station 194 (     Line005_074)  RMS=0.953  iters= 6  OK            time elapsed: 4.1 min, estimated time remaining: 4.7 min.
Completed 168/358 [47%] station 196 (     Line005_076)  RMS=0.930  iters= 5  OK            time elapsed: 4.1 min, estimated time remaining: 4.7 min.
Completed 169/358 [47%] station 204 (     Line006_003)  RMS=0.948  iters= 5  OK            time elapsed: 4.2 min, estimated time remaining: 4.7 min.
Completed 170/358 [47%] station 203 (     Line006_002)  RMS=1.000  iters= 8  OK            time elapsed: 4.4 min, estimated time remaining: 4.9 min.
Completed 171/358 [48%] station 208 (     Line006_007)  RMS=0.998  iters= 6  OK            time elapsed: 4.4 min, estimated time remaining: 4.8 min.
Completed 172/358 [48%] station 207 (     Line006_006)  RMS=0.920  iters= 6  OK            time elapsed: 4.4 min, estimated time remaining: 4.8 min.
Completed 173/358 [48%] station 205 (     Line006_004)  RMS=0.975  iters= 7  OK            time elapsed: 4.5 min, estimated time remaining: 4.8 min.
Completed 174/358 [49%] station 210 (     Line006_009)  RMS=0.898  iters= 6  OK            time elapsed: 4.5 min, estimated time remaining: 4.7 min.
Completed 175/358 [49%] station 211 (     Line006_010)  RMS=0.999  iters= 6  OK            time elapsed: 4.6 min, estimated time remaining: 4.8 min.
Completed 176/358 [49%] station 206 (     Line006_005)  RMS=0.881  iters= 9  OK            time elapsed: 4.6 min, estimated time remaining: 4.8 min.
Completed 177/358 [49%] station 213 (     Line006_012)  RMS=11.082  iters= 3  NOT CONVERGED  time elapsed: 4.6 min, estimated time remaining: 4.7 min.
Completed 178/358 [50%] station 214 (     Line006_013)  RMS=2.311  iters= 3  NOT CONVERGED  time elapsed: 4.6 min, estimated time remaining: 4.7 min.
Completed 179/358 [50%] station 215 (     Line006_014)  RMS=2.608  iters= 3  NOT CONVERGED  time elapsed: 4.7 min, estimated time remaining: 4.7 min.
Completed 180/358 [50%] station 216 (     Line006_015)  RMS=2.485  iters= 3  NOT CONVERGED  time elapsed: 4.7 min, estimated time remaining: 4.6 min.
Completed 181/358 [51%] station 217 (     Line006_016)  RMS=3.018  iters= 3  NOT CONVERGED  time elapsed: 4.8 min, estimated time remaining: 4.7 min.
Completed 182/358 [51%] station 218 (     Line006_018)  RMS=3.127  iters= 3  NOT CONVERGED  time elapsed: 4.8 min, estimated time remaining: 4.7 min.
Completed 183/358 [51%] station 209 (     Line006_008)  RMS=1.000  iters=12  OK            time elapsed: 4.8 min, estimated time remaining: 4.6 min.
Completed 184/358 [51%] station 219 (     Line006_019)  RMS=2.474  iters= 3  NOT CONVERGED  time elapsed: 4.8 min, estimated time remaining: 4.6 min.
Completed 185/358 [52%] station 220 (     Line006_021)  RMS=2.783  iters= 3  NOT CONVERGED  time elapsed: 4.8 min, estimated time remaining: 4.5 min.
Completed 186/358 [52%] station 221 (     Line006_022)  RMS=2.960  iters= 3  NOT CONVERGED  time elapsed: 4.9 min, estimated time remaining: 4.5 min.
Completed 187/358 [52%] station 222 (     Line006_023)  RMS=5.605  iters= 3  NOT CONVERGED  time elapsed: 4.9 min, estimated time remaining: 4.5 min.
Completed 188/358 [53%] station 212 (     Line006_011)  RMS=1.000  iters= 9  OK            time elapsed: 4.9 min, estimated time remaining: 4.4 min.
Completed 189/358 [53%] station 226 (     Line006_027)  RMS=11.275  iters= 3  NOT CONVERGED  time elapsed: 5.0 min, estimated time remaining: 4.5 min.
Completed 190/358 [53%] station 227 (     Line007_001)  RMS=1.791  iters= 3  NOT CONVERGED  time elapsed: 5.0 min, estimated time remaining: 4.4 min.
Completed 191/358 [53%] station 230 (     Line007_004)  RMS=0.969  iters= 4  OK            time elapsed: 5.1 min, estimated time remaining: 4.5 min.
Completed 192/358 [54%] station 231 (     Line007_005)  RMS=1.514  iters= 3  NOT CONVERGED  time elapsed: 5.2 min, estimated time remaining: 4.5 min.
Completed 193/358 [54%] station 224 (     Line006_025)  RMS=1.329  iters=10  NOT CONVERGED  time elapsed: 5.4 min, estimated time remaining: 4.6 min.
Completed 194/358 [54%] station 228 (     Line007_002)  RMS=13.643  iters=11  NOT CONVERGED  time elapsed: 5.5 min, estimated time remaining: 4.6 min.
Completed 195/358 [54%] station 223 (     Line006_024)  RMS=3.830  iters=13  NOT CONVERGED  time elapsed: 5.5 min, estimated time remaining: 4.6 min.
Completed 196/358 [55%] station 235 (     Line007_009)  RMS=0.941  iters= 3  OK            time elapsed: 5.5 min, estimated time remaining: 4.5 min.
Completed 197/358 [55%] station 236 (     Line007_010)  RMS=1.000  iters= 4  OK            time elapsed: 5.6 min, estimated time remaining: 4.6 min.
Completed 198/358 [55%] station 233 (     Line007_007)  RMS=8.238  iters=10  NOT CONVERGED  time elapsed: 5.6 min, estimated time remaining: 4.5 min.
Completed 199/358 [56%] station 238 (     Line007_012)  RMS=0.918  iters= 4  OK            time elapsed: 5.6 min, estimated time remaining: 4.5 min.
Completed 200/358 [56%] station 232 (     Line007_006)  RMS=13.142  iters=12  NOT CONVERGED  time elapsed: 5.6 min, estimated time remaining: 4.5 min.
Completed 201/358 [56%] station 234 (     Line007_008)  RMS=1.430  iters=10  NOT CONVERGED  time elapsed: 5.7 min, estimated time remaining: 4.4 min.
Completed 202/358 [56%] station 239 (     Line007_013)  RMS=0.998  iters= 3  OK            time elapsed: 5.7 min, estimated time remaining: 4.4 min.
Completed 203/358 [57%] station 225 (     Line006_026)  RMS=1.102  iters=18  NOT CONVERGED  time elapsed: 5.7 min, estimated time remaining: 4.3 min.
Completed 204/358 [57%] station 241 (     Line007_015)  RMS=0.965  iters= 3  OK            time elapsed: 5.7 min, estimated time remaining: 4.3 min.
Completed 205/358 [57%] station 240 (     Line007_014)  RMS=0.998  iters= 3  OK            time elapsed: 5.7 min, estimated time remaining: 4.3 min.
Completed 206/358 [58%] station 237 (     Line007_011)  RMS=0.914  iters= 8  OK            time elapsed: 5.7 min, estimated time remaining: 4.2 min.
Completed 207/358 [58%] station 242 (     Line007_016)  RMS=1.000  iters= 3  OK            time elapsed: 5.7 min, estimated time remaining: 4.2 min.
Completed 208/358 [58%] station 229 (     Line007_003)  RMS=2.165  iters=20  NOT CONVERGED  time elapsed: 5.8 min, estimated time remaining: 4.2 min.
Completed 209/358 [58%] station 246 (     Line007_021)  RMS=0.985  iters= 3  OK            time elapsed: 5.8 min, estimated time remaining: 4.1 min.
Completed 210/358 [59%] station 244 (     Line007_018)  RMS=0.985  iters= 4  OK            time elapsed: 5.8 min, estimated time remaining: 4.1 min.
Completed 211/358 [59%] station 245 (     Line007_019)  RMS=0.998  iters= 3  OK            time elapsed: 5.8 min, estimated time remaining: 4.0 min.
Completed 212/358 [59%] station 243 (     Line007_017)  RMS=0.979  iters= 4  OK            time elapsed: 5.8 min, estimated time remaining: 4.0 min.
Completed 213/358 [59%] station 247 (     Line007_022)  RMS=1.345  iters= 3  NOT CONVERGED  time elapsed: 5.8 min, estimated time remaining: 4.0 min.
Completed 214/358 [60%] station 250 (     Line007_025)  RMS=0.999  iters= 3  OK            time elapsed: 5.8 min, estimated time remaining: 3.9 min.
Completed 215/358 [60%] station 249 (     Line007_024)  RMS=0.929  iters= 4  OK            time elapsed: 5.9 min, estimated time remaining: 3.9 min.
Completed 216/358 [60%] station 252 (     Line007_027)  RMS=4.260  iters= 3  NOT CONVERGED  time elapsed: 5.9 min, estimated time remaining: 3.9 min.
Completed 217/358 [61%] station 248 (     Line007_023)  RMS=6.192  iters= 7  NOT CONVERGED  time elapsed: 6.0 min, estimated time remaining: 3.9 min.
Completed 218/358 [61%] station 254 (     Line007_029)  RMS=1.000  iters= 5  OK            time elapsed: 6.0 min, estimated time remaining: 3.9 min.
Completed 219/358 [61%] station 256 (     Line007_031)  RMS=0.973  iters= 4  OK            time elapsed: 6.0 min, estimated time remaining: 3.8 min.
Completed 220/358 [61%] station 257 (     Line007_032)  RMS=0.920  iters= 4  OK            time elapsed: 6.1 min, estimated time remaining: 3.8 min.
Completed 221/358 [62%] station 255 (     Line007_030)  RMS=0.999  iters= 5  OK            time elapsed: 6.1 min, estimated time remaining: 3.8 min.
Completed 222/358 [62%] station 258 (     Line007_033)  RMS=1.000  iters= 5  OK            time elapsed: 6.2 min, estimated time remaining: 3.8 min.
Completed 223/358 [62%] station 253 (     Line007_028)  RMS=9.722  iters= 7  NOT CONVERGED  time elapsed: 6.2 min, estimated time remaining: 3.7 min.
Completed 224/358 [63%] station 261 (     Line007_038)  RMS=0.944  iters= 4  OK            time elapsed: 6.3 min, estimated time remaining: 3.7 min.
Completed 225/358 [63%] station 251 (     Line007_026)  RMS=10.522  iters= 9  NOT CONVERGED  time elapsed: 6.3 min, estimated time remaining: 3.7 min.
Completed 226/358 [63%] station 260 (     Line007_036)  RMS=0.968  iters= 5  OK            time elapsed: 6.3 min, estimated time remaining: 3.7 min.
Completed 227/358 [63%] station 259 (     Line007_035)  RMS=0.953  iters= 6  OK            time elapsed: 6.3 min, estimated time remaining: 3.7 min.
Completed 228/358 [64%] station 262 (     Line007_040)  RMS=1.000  iters= 5  OK            time elapsed: 6.3 min, estimated time remaining: 3.6 min.
Completed 229/358 [64%] station 263 (     Line007_042)  RMS=0.975  iters= 5  OK            time elapsed: 6.4 min, estimated time remaining: 3.6 min.
Completed 230/358 [64%] station 264 (     Line007_043)  RMS=1.000  iters= 6  OK            time elapsed: 6.5 min, estimated time remaining: 3.6 min.
Completed 231/358 [65%] station 265 (     Line007_045)  RMS=0.998  iters= 6  OK            time elapsed: 6.5 min, estimated time remaining: 3.6 min.
Completed 232/358 [65%] station 266 (     Line007_046)  RMS=1.000  iters= 5  OK            time elapsed: 6.5 min, estimated time remaining: 3.5 min.
Completed 233/358 [65%] station 267 (     Line007_048)  RMS=0.966  iters= 5  OK            time elapsed: 6.5 min, estimated time remaining: 3.5 min.
Completed 234/358 [65%] station 269 (     Line007_050)  RMS=1.800  iters= 3  NOT CONVERGED  time elapsed: 6.5 min, estimated time remaining: 3.5 min.
Completed 235/358 [66%] station 270 (     Line007_051)  RMS=1.911  iters= 3  NOT CONVERGED  time elapsed: 6.5 min, estimated time remaining: 3.4 min.
Completed 236/358 [66%] station 271 (     Line007_052)  RMS=1.795  iters= 3  NOT CONVERGED  time elapsed: 6.6 min, estimated time remaining: 3.4 min.
Completed 237/358 [66%] station 268 (     Line007_049)  RMS=0.886  iters= 7  OK            time elapsed: 6.7 min, estimated time remaining: 3.4 min.
Completed 238/358 [66%] station 272 (     Line007_054)  RMS=1.826  iters= 3  NOT CONVERGED  time elapsed: 6.7 min, estimated time remaining: 3.4 min.
Completed 239/358 [67%] station 275 (     Line007_057)  RMS=1.844  iters= 3  NOT CONVERGED  time elapsed: 6.7 min, estimated time remaining: 3.3 min.
Completed 240/358 [67%] station 276 (     Line007_058)  RMS=9.235  iters= 3  NOT CONVERGED  time elapsed: 6.7 min, estimated time remaining: 3.3 min.
Completed 241/358 [67%] station 273 (     Line007_055)  RMS=0.969  iters= 5  OK            time elapsed: 6.7 min, estimated time remaining: 3.3 min.
Completed 242/358 [68%] station 279 (     Line007_061)  RMS=1.574  iters= 3  NOT CONVERGED  time elapsed: 6.8 min, estimated time remaining: 3.3 min.
Completed 243/358 [68%] station 274 (     Line007_056)  RMS=0.976  iters= 7  OK            time elapsed: 6.8 min, estimated time remaining: 3.2 min.
Completed 244/358 [68%] station 277 (     Line007_059)  RMS=3.380  iters= 6  NOT CONVERGED  time elapsed: 6.8 min, estimated time remaining: 3.2 min.
Completed 245/358 [68%] station 283 (     Line007_065)  RMS=2.427  iters= 3  NOT CONVERGED  time elapsed: 6.9 min, estimated time remaining: 3.2 min.
Completed 246/358 [69%] station 280 (     Line007_062)  RMS=4.703  iters= 7  NOT CONVERGED  time elapsed: 7.0 min, estimated time remaining: 3.2 min.
Completed 247/358 [69%] station 285 (     Line007_067)  RMS=2.040  iters= 3  NOT CONVERGED  time elapsed: 7.0 min, estimated time remaining: 3.1 min.
Completed 248/358 [69%] station 286 (     Line007_068)  RMS=6.612  iters= 3  NOT CONVERGED  time elapsed: 7.0 min, estimated time remaining: 3.1 min.
Completed 249/358 [70%] station 287 (     Line007_069)  RMS=4.708  iters= 3  NOT CONVERGED  time elapsed: 7.0 min, estimated time remaining: 3.1 min.
Completed 250/358 [70%] station 278 (     Line007_060)  RMS=9.909  iters=10  NOT CONVERGED  time elapsed: 7.1 min, estimated time remaining: 3.1 min.
Completed 251/358 [70%] station 281 (     Line007_063)  RMS=5.040  iters= 9  NOT CONVERGED  time elapsed: 7.1 min, estimated time remaining: 3.0 min.
Completed 252/358 [70%] station 292 (     Line008_005)  RMS=2.053  iters= 3  NOT CONVERGED  time elapsed: 7.1 min, estimated time remaining: 3.0 min.
Completed 253/358 [71%] station 293 (     Line008_007)  RMS=2.204  iters= 3  NOT CONVERGED  time elapsed: 7.1 min, estimated time remaining: 3.0 min.
Completed 254/358 [71%] station 294 (     Line008_009)  RMS=2.215  iters= 3  NOT CONVERGED  time elapsed: 7.2 min, estimated time remaining: 2.9 min.
Completed 255/358 [71%] station 282 (     Line007_064)  RMS=13.714  iters=11  NOT CONVERGED  time elapsed: 7.2 min, estimated time remaining: 2.9 min.
Completed 256/358 [72%] station 295 (     Line008_011)  RMS=2.329  iters= 3  NOT CONVERGED  time elapsed: 7.2 min, estimated time remaining: 2.9 min.
Completed 257/358 [72%] station 296 (     Line008_012)  RMS=1.883  iters= 3  NOT CONVERGED  time elapsed: 7.2 min, estimated time remaining: 2.8 min.
Completed 258/358 [72%] station 297 (     Line008_014)  RMS=2.772  iters= 3  NOT CONVERGED  time elapsed: 7.2 min, estimated time remaining: 2.8 min.
Completed 259/358 [72%] station 298 (     Line008_016)  RMS=2.561  iters= 3  NOT CONVERGED  time elapsed: 7.3 min, estimated time remaining: 2.8 min.
Completed 260/358 [73%] station 303 (     Line008_022)  RMS=2.385  iters= 3  NOT CONVERGED  time elapsed: 7.3 min, estimated time remaining: 2.8 min.
Completed 261/358 [73%] station 304 (     Line008_024)  RMS=2.454  iters= 3  NOT CONVERGED  time elapsed: 7.4 min, estimated time remaining: 2.7 min.
Completed 262/358 [73%] station 301 (     Line008_019)  RMS=1.000  iters= 5  OK            time elapsed: 7.4 min, estimated time remaining: 2.7 min.
Completed 263/358 [73%] station 302 (     Line008_021)  RMS=0.964  iters= 5  OK            time elapsed: 7.4 min, estimated time remaining: 2.7 min.
Completed 264/358 [74%] station 308 (     Line008_030)  RMS=2.067  iters= 3  NOT CONVERGED  time elapsed: 7.5 min, estimated time remaining: 2.7 min.
Completed 265/358 [74%] station 306 (     Line008_027)  RMS=1.000  iters= 6  OK            time elapsed: 7.5 min, estimated time remaining: 2.6 min.
Completed 266/358 [74%] station 305 (     Line008_025)  RMS=1.000  iters= 6  OK            time elapsed: 7.5 min, estimated time remaining: 2.6 min.
Completed 267/358 [75%] station 307 (     Line008_029)  RMS=1.000  iters= 6  OK            time elapsed: 7.5 min, estimated time remaining: 2.6 min.
Completed 268/358 [75%] station 310 (     Line008_032)  RMS=1.785  iters= 3  NOT CONVERGED  time elapsed: 7.5 min, estimated time remaining: 2.5 min.
Completed 269/358 [75%] station 312 (     Line008_034)  RMS=1.560  iters= 3  NOT CONVERGED  time elapsed: 7.5 min, estimated time remaining: 2.5 min.
Completed 270/358 [75%] station 313 (     Line008_035)  RMS=2.521  iters= 3  NOT CONVERGED  time elapsed: 7.5 min, estimated time remaining: 2.5 min.
Completed 271/358 [76%] station 314 (     Line008_036)  RMS=1.427  iters= 5  NOT CONVERGED  time elapsed: 7.6 min, estimated time remaining: 2.4 min.
Completed 272/358 [76%] station 284 (     Line007_066)  RMS=2.549  iters=20  NOT CONVERGED  time elapsed: 7.6 min, estimated time remaining: 2.4 min.
Completed 273/358 [76%] station 316 (     Line008_039)  RMS=1.202  iters= 5  NOT CONVERGED  time elapsed: 7.6 min, estimated time remaining: 2.4 min.
Completed 274/358 [77%] station 315 (     Line008_037)  RMS=1.463  iters= 5  NOT CONVERGED  time elapsed: 7.6 min, estimated time remaining: 2.3 min.
Completed 275/358 [77%] station 311 (     Line008_033)  RMS=0.977  iters= 9  OK            time elapsed: 7.6 min, estimated time remaining: 2.3 min.
Completed 276/358 [77%] station 317 (     Line008_041)  RMS=1.186  iters= 5  NOT CONVERGED  time elapsed: 7.6 min, estimated time remaining: 2.3 min.
Completed 277/358 [77%] station 318 (     Line008_043)  RMS=1.409  iters= 5  NOT CONVERGED  time elapsed: 7.7 min, estimated time remaining: 2.2 min.
Completed 278/358 [78%] station 319 (     Line008_045)  RMS=1.508  iters= 5  NOT CONVERGED  time elapsed: 7.7 min, estimated time remaining: 2.2 min.
Completed 279/358 [78%] station 320 (     Line008_047)  RMS=2.037  iters= 3  NOT CONVERGED  time elapsed: 7.7 min, estimated time remaining: 2.2 min.
Completed 280/358 [78%] station 322 (     Line008_049)  RMS=2.230  iters= 3  NOT CONVERGED  time elapsed: 7.7 min, estimated time remaining: 2.2 min.
Completed 281/358 [78%] station 321 (     Line008_048)  RMS=1.547  iters= 5  NOT CONVERGED  time elapsed: 7.8 min, estimated time remaining: 2.1 min.
Completed 282/358 [79%] station 323 (     Line008_050)  RMS=1.111  iters= 5  NOT CONVERGED  time elapsed: 7.8 min, estimated time remaining: 2.1 min.
Completed 283/358 [79%] station 324 (     Line008_052)  RMS=1.370  iters= 5  NOT CONVERGED  time elapsed: 7.8 min, estimated time remaining: 2.1 min.
Completed 284/358 [79%] station 325 (     Line008_053)  RMS=1.195  iters= 5  NOT CONVERGED  time elapsed: 7.9 min, estimated time remaining: 2.1 min.
Completed 285/358 [80%] station 329 (     Line008_057)  RMS=1.819  iters= 3  NOT CONVERGED  time elapsed: 7.9 min, estimated time remaining: 2.0 min.
Completed 286/358 [80%] station 326 (     Line008_054)  RMS=1.430  iters= 5  NOT CONVERGED  time elapsed: 7.9 min, estimated time remaining: 2.0 min.
Completed 287/358 [80%] station 327 (     Line008_055)  RMS=1.322  iters= 5  NOT CONVERGED  time elapsed: 8.0 min, estimated time remaining: 2.0 min.
Completed 288/358 [80%] station 328 (     Line008_056)  RMS=1.244  iters= 5  NOT CONVERGED  time elapsed: 8.0 min, estimated time remaining: 1.9 min.
Completed 289/358 [81%] station 330 (     Line008_058)  RMS=1.956  iters= 3  NOT CONVERGED  time elapsed: 8.0 min, estimated time remaining: 1.9 min.
Completed 290/358 [81%] station 331 (     Line008_059)  RMS=1.518  iters= 3  NOT CONVERGED  time elapsed: 8.0 min, estimated time remaining: 1.9 min.
Completed 291/358 [81%] station 332 (     Line008_060)  RMS=1.662  iters= 3  NOT CONVERGED  time elapsed: 8.0 min, estimated time remaining: 1.8 min.
Completed 292/358 [82%] station 333 (     Line008_061)  RMS=2.062  iters= 3  NOT CONVERGED  time elapsed: 8.1 min, estimated time remaining: 1.8 min.
Completed 293/358 [82%] station 334 (     Line008_062)  RMS=1.951  iters= 3  NOT CONVERGED  time elapsed: 8.1 min, estimated time remaining: 1.8 min.
Completed 294/358 [82%] station 335 (     Line008_064)  RMS=2.107  iters= 3  NOT CONVERGED  time elapsed: 8.1 min, estimated time remaining: 1.8 min.
Completed 295/358 [82%] station 336 (     Line008_065)  RMS=2.039  iters= 3  NOT CONVERGED  time elapsed: 8.2 min, estimated time remaining: 1.7 min.
Completed 296/358 [83%] station 337 (     Line008_066)  RMS=3.147  iters= 3  NOT CONVERGED  time elapsed: 8.2 min, estimated time remaining: 1.7 min.
Completed 297/358 [83%] station 341 (     Line009_002)  RMS=0.979  iters= 4  OK            time elapsed: 8.2 min, estimated time remaining: 1.7 min.
Completed 298/358 [83%] station 342 (     Line009_003)  RMS=0.884  iters= 5  OK            time elapsed: 8.3 min, estimated time remaining: 1.7 min.
Completed 299/358 [84%] station 340 (     Line009_001)  RMS=0.948  iters= 6  OK            time elapsed: 8.3 min, estimated time remaining: 1.6 min.
Completed 300/358 [84%] station 346 (     Line009_008)  RMS=0.899  iters= 7  OK            time elapsed: 8.3 min, estimated time remaining: 1.6 min.
Completed 301/358 [84%] station 356 (     Line009_022)  RMS=1.040  iters= 3  NOT CONVERGED  time elapsed: 8.4 min, estimated time remaining: 1.6 min.
Completed 302/358 [84%] station 347 (     Line009_010)  RMS=1.000  iters= 7  OK            time elapsed: 8.4 min, estimated time remaining: 1.6 min.
Completed 303/358 [85%] station 343 (     Line009_004)  RMS=1.000  iters= 9  OK            time elapsed: 8.4 min, estimated time remaining: 1.5 min.
Completed 304/358 [85%] station 344 (     Line009_006)  RMS=1.117  iters= 8  NOT CONVERGED  time elapsed: 8.4 min, estimated time remaining: 1.5 min.
Completed 305/358 [85%] station 357 (     Line009_023)  RMS=0.930  iters= 6  OK            time elapsed: 8.5 min, estimated time remaining: 1.5 min.
Completed 306/358 [85%] station 348 (     Line009_011)  RMS=0.999  iters=13  OK            time elapsed: 8.5 min, estimated time remaining: 1.4 min.
Completed 307/358 [86%] station 360 (     Line009_029)  RMS=0.944  iters= 6  OK            time elapsed: 8.5 min, estimated time remaining: 1.4 min.
Completed 308/358 [86%] station 358 (     Line009_025)  RMS=0.900  iters= 7  OK            time elapsed: 8.5 min, estimated time remaining: 1.4 min.
Completed 309/358 [86%] station 359 (     Line009_027)  RMS=0.976  iters= 6  OK            time elapsed: 8.5 min, estimated time remaining: 1.4 min.
Completed 310/358 [87%] station 355 (     Line009_021)  RMS=0.968  iters=11  OK            time elapsed: 8.5 min, estimated time remaining: 1.3 min.
Completed 311/358 [87%] station 361 (     Line009_030)  RMS=0.945  iters= 7  OK            time elapsed: 8.6 min, estimated time remaining: 1.3 min.
Completed 312/358 [87%] station 349 (     Line009_013)  RMS=1.000  iters=13  OK            time elapsed: 8.6 min, estimated time remaining: 1.3 min.
Completed 313/358 [87%] station 362 (     Line009_031)  RMS=0.966  iters= 7  OK            time elapsed: 8.7 min, estimated time remaining: 1.3 min.
Completed 314/358 [88%] station 363 (     Line009_033)  RMS=0.957  iters= 7  OK            time elapsed: 8.7 min, estimated time remaining: 1.2 min.
Completed 315/358 [88%] station 365 (     Line009_035)  RMS=1.000  iters= 7  OK            time elapsed: 8.7 min, estimated time remaining: 1.2 min.
Completed 316/358 [88%] station 369 (     Line009_040)  RMS=0.940  iters= 8  OK            time elapsed: 8.8 min, estimated time remaining: 1.2 min.
Completed 317/358 [89%] station 370 (     Line009_042)  RMS=0.914  iters= 8  OK            time elapsed: 8.8 min, estimated time remaining: 1.1 min.
Completed 318/358 [89%] station 364 (     Line009_034)  RMS=1.000  iters=11  OK            time elapsed: 8.9 min, estimated time remaining: 1.1 min.
Completed 319/358 [89%] station 371 (     Line009_043)  RMS=1.000  iters= 7  OK            time elapsed: 8.9 min, estimated time remaining: 1.1 min.
Completed 320/358 [89%] station 374 (     Line009_049)  RMS=0.979  iters= 4  OK            time elapsed: 8.9 min, estimated time remaining: 1.1 min.
Completed 321/358 [90%] station 372 (     Line009_045)  RMS=1.000  iters= 7  OK            time elapsed: 8.9 min, estimated time remaining: 1.0 min.
Completed 322/358 [90%] station 373 (     Line009_047)  RMS=1.000  iters= 7  OK            time elapsed: 9.0 min, estimated time remaining: 1.0 min.
Completed 323/358 [90%] station 375 (     Line009_050)  RMS=1.000  iters= 7  OK            time elapsed: 9.0 min, estimated time remaining: 58.6 s.
Completed 324/358 [91%] station 376 (     Line009_051)  RMS=0.920  iters= 7  OK            time elapsed: 9.1 min, estimated time remaining: 57.1 s.
Completed 325/358 [91%] station 377 (     Line009_053)  RMS=0.909  iters= 7  OK            time elapsed: 9.1 min, estimated time remaining: 55.7 s.
Completed 326/358 [91%] station 378 (     Line009_055)  RMS=0.910  iters= 7  OK            time elapsed: 9.2 min, estimated time remaining: 53.9 s.
Completed 327/358 [91%] station 380 (     Line009_058)  RMS=0.980  iters= 6  OK            time elapsed: 9.2 min, estimated time remaining: 52.3 s.
Completed 328/358 [92%] station 379 (     Line009_057)  RMS=0.916  iters= 7  OK            time elapsed: 9.2 min, estimated time remaining: 50.5 s.
Completed 329/358 [92%] station 382 (     Line009_060)  RMS=0.970  iters= 7  OK            time elapsed: 9.3 min, estimated time remaining: 49.3 s.
Completed 330/358 [92%] station 386 (     Line009_064)  RMS=3.095  iters= 3  NOT CONVERGED  time elapsed: 9.4 min, estimated time remaining: 47.6 s.
Completed 331/358 [92%] station 387 (     Line009_065)  RMS=2.432  iters= 3  NOT CONVERGED  time elapsed: 9.4 min, estimated time remaining: 45.9 s.
Completed 332/358 [93%] station 383 (     Line009_061)  RMS=0.939  iters= 7  OK            time elapsed: 9.4 min, estimated time remaining: 44.2 s.
Completed 333/358 [93%] station 367 (     Line009_037)  RMS=2515.654  iters=31  NOT CONVERGED  time elapsed: 9.5 min, estimated time remaining: 42.6 s.
Completed 334/358 [93%] station 368 (     Line009_039)  RMS=2515.668  iters=31  NOT CONVERGED  time elapsed: 9.5 min, estimated time remaining: 40.8 s.
Completed 335/358 [94%] station 384 (     Line009_062)  RMS=1.000  iters= 8  OK            time elapsed: 9.5 min, estimated time remaining: 39.1 s.
Completed 336/358 [94%] station 385 (     Line009_063)  RMS=0.917  iters= 9  OK            time elapsed: 9.5 min, estimated time remaining: 37.4 s.
Completed 337/358 [94%] station 395 (     Line009_073)  RMS=0.960  iters= 3  OK            time elapsed: 9.5 min, estimated time remaining: 35.6 s.
Completed 338/358 [94%] station 388 (     Line009_066)  RMS=1.000  iters= 6  OK            time elapsed: 9.5 min, estimated time remaining: 33.8 s.
Completed 339/358 [95%] station 394 (     Line009_072)  RMS=1.308  iters= 5  NOT CONVERGED  time elapsed: 9.6 min, estimated time remaining: 32.2 s.
Completed 340/358 [95%] station 403 (     Line009_083)  RMS=4.517  iters= 3  NOT CONVERGED  time elapsed: 9.6 min, estimated time remaining: 30.6 s.
Completed 341/358 [95%] station 404 (     Line009_084)  RMS=1.937  iters= 3  NOT CONVERGED  time elapsed: 9.6 min, estimated time remaining: 28.8 s.
Completed 342/358 [96%] station 405 (     Line009_085)  RMS=10.991  iters= 3  NOT CONVERGED  time elapsed: 9.7 min, estimated time remaining: 27.1 s.
Completed 343/358 [96%] station 406 (     Line010_001)  RMS=10.999  iters= 3  NOT CONVERGED  time elapsed: 9.7 min, estimated time remaining: 25.5 s.
Completed 344/358 [96%] station 407 (     Line010_002)  RMS=3.409  iters= 3  NOT CONVERGED  time elapsed: 9.7 min, estimated time remaining: 23.7 s.
Completed 345/358 [96%] station 390 (     Line009_068)  RMS=1.246  iters=12  NOT CONVERGED  time elapsed: 9.8 min, estimated time remaining: 22.0 s.
Completed 346/358 [97%] station 408 (     Line010_003)  RMS=2.256  iters= 3  NOT CONVERGED  time elapsed: 9.8 min, estimated time remaining: 20.3 s.
Completed 347/358 [97%] station 391 (     Line009_069)  RMS=1.857  iters=13  NOT CONVERGED  time elapsed: 9.8 min, estimated time remaining: 18.6 s.
Completed 348/358 [97%] station 409 (     Line010_004)  RMS=2.278  iters= 3  NOT CONVERGED  time elapsed: 9.8 min, estimated time remaining: 16.9 s.
Completed 349/358 [97%] station 411 (     Line010_006)  RMS=2.402  iters= 3  NOT CONVERGED  time elapsed: 9.9 min, estimated time remaining: 15.2 s.
Completed 350/358 [98%] station 399 (     Line009_078)  RMS=2.863  iters=13  NOT CONVERGED  time elapsed: 9.9 min, estimated time remaining: 13.6 s.
Completed 351/358 [98%] station 412 (     Line010_007)  RMS=0.905  iters= 6  OK            time elapsed: 9.9 min, estimated time remaining: 11.9 s.
Completed 352/358 [98%] station 400 (     Line009_080)  RMS=2.419  iters=14  NOT CONVERGED  time elapsed: 9.9 min, estimated time remaining: 10.2 s.
Completed 353/358 [99%] station 413 (     Line010_008)  RMS=0.897  iters= 6  OK            time elapsed: 9.9 min, estimated time remaining: 8.4 s.
Completed 354/358 [99%] station 410 (     Line010_005)  RMS=17.035  iters= 8  NOT CONVERGED  time elapsed: 10.0 min, estimated time remaining: 6.8 s.
Completed 355/358 [99%] station 414 (     Line010_010)  RMS=0.979  iters= 6  OK            time elapsed: 10.0 min, estimated time remaining: 5.1 s.
Completed 356/358 [99%] station 416 (     Line010_012)  RMS=1.000  iters= 5  OK            time elapsed: 10.0 min, estimated time remaining: 3.4 s.
Completed 357/358 [100%] station 415 (     Line010_011)  RMS=0.927  iters= 6  OK            time elapsed: 10.0 min, estimated time remaining: 1.7 s.
Completed 358/358 [100%] station 398 (     Line009_076)  RMS=2.615  iters=31  NOT CONVERGED  time elapsed: 10.1 min, estimated time remaining: 0.0 s.
Inverted 358/417 stations in 608.3 s.