Completed 1/356 [0%] station 05 (     Line001_006)  RMS=0.842  iters= 5  OK            time elapsed: 30.8 s, estimated time remaining: 3.0 h.
Completed 2/356 [1%] station 02 (     Line001_003)  RMS=0.979  iters= 6  OK            time elapsed: 45.5 s, estimated time remaining: 2.2 h.
Completed 3/356 [1%] station 07 (     Line001_009)  RMS=0.995  iters= 7  OK            time elapsed: 45.7 s, estimated time remaining: 1.5 h.
Completed 4/356 [1%] station 00 (     Line001_001)  RMS=0.990  iters= 6  OK            time elapsed: 45.7 s, estimated time remaining: 1.1 h.
Completed 5/356 [1%] station 08 (     Line001_011)  RMS=0.968  iters= 7  OK            time elapsed: 45.8 s, estimated time remaining: 53.6 min.
Completed 6/356 [2%] station 06 (     Line001_007)  RMS=0.969  iters= 7  OK            time elapsed: 52.1 s, estimated time remaining: 50.7 min.
Completed 7/356 [2%] station 04 (     Line001_005)  RMS=0.990  iters= 9  OK            time elapsed: 1.2 min, estimated time remaining: 1.0 h.
Completed 8/356 [2%] station 09 (     Line001_012)  RMS=0.935  iters= 7  OK            time elapsed: 1.2 min, estimated time remaining: 52.9 min.
Completed 9/356 [3%] station 12 (     Line001_015)  RMS=0.959  iters= 8  OK            time elapsed: 1.4 min, estimated time remaining: 52.1 min.
Completed 10/356 [3%] station 11 (     Line001_014)  RMS=0.951  iters= 8  OK            time elapsed: 1.4 min, estimated time remaining: 47.0 min.
Completed 11/356 [3%] station 14 (     Line001_017)  RMS=0.994  iters= 7  OK            time elapsed: 1.4 min, estimated time remaining: 45.0 min.
Completed 12/356 [3%] station 10 (     Line001_013)  RMS=0.914  iters= 8  OK            time elapsed: 1.4 min, estimated time remaining: 41.3 min.
Completed 13/356 [4%] station 21 (     Line002_005)  RMS=0.867  iters= 4  OK            time elapsed: 1.6 min, estimated time remaining: 41.6 min.
Completed 14/356 [4%] station 13 (     Line001_016)  RMS=0.972  iters= 9  OK            time elapsed: 1.7 min, estimated time remaining: 41.5 min.
Completed 15/356 [4%] station 15 (     Line001_018)  RMS=0.970  iters= 7  OK            time elapsed: 1.7 min, estimated time remaining: 38.8 min.
Completed 16/356 [4%] station 22 (     Line002_006)  RMS=0.868  iters= 5  OK            time elapsed: 1.7 min, estimated time remaining: 36.4 min.
Completed 17/356 [5%] station 16 (     Line001_019)  RMS=0.913  iters= 7  OK            time elapsed: 1.8 min, estimated time remaining: 36.6 min.
Completed 18/356 [5%] station 23 (     Line002_007)  RMS=0.949  iters= 5  OK            time elapsed: 1.9 min, estimated time remaining: 35.9 min.
Completed 19/356 [5%] station 29 (     Line002_013)  RMS=0.997  iters= 5  OK            time elapsed: 2.3 min, estimated time remaining: 40.8 min.
Completed 20/356 [6%] station 33 (     Line002_017)  RMS=0.928  iters= 4  OK            time elapsed: 2.4 min, estimated time remaining: 40.0 min.
Completed 21/356 [6%] station 28 (     Line002_012)  RMS=0.830  iters= 7  OK            time elapsed: 2.4 min, estimated time remaining: 38.0 min.
Completed 22/356 [6%] station 30 (     Line002_014)  RMS=0.940  iters= 6  OK            time elapsed: 2.6 min, estimated time remaining: 39.4 min.
Completed 23/356 [6%] station 37 (     Line002_021)  RMS=0.996  iters= 4  OK            time elapsed: 3.0 min, estimated time remaining: 44.1 min.
Completed 24/356 [7%] station 32 (     Line002_016)  RMS=0.977  iters= 8  OK            time elapsed: 3.1 min, estimated time remaining: 42.5 min.
Completed 25/356 [7%] station 38 (     Line002_022)  RMS=0.848  iters= 4  OK            time elapsed: 3.4 min, estimated time remaining: 44.5 min.
Completed 26/356 [7%] station 39 (     Line002_023)  RMS=0.969  iters= 4  OK            time elapsed: 3.4 min, estimated time remaining: 42.7 min.
Completed 27/356 [8%] station 31 (     Line002_015)  RMS=0.987  iters=16  OK            time elapsed: 3.6 min, estimated time remaining: 44.4 min.
Completed 28/356 [8%] station 41 (     Line002_025)  RMS=0.992  iters= 5  OK            time elapsed: 3.7 min, estimated time remaining: 43.8 min.
Completed 29/356 [8%] station 40 (     Line002_024)  RMS=0.915  iters= 6  OK            time elapsed: 3.8 min, estimated time remaining: 42.9 min.
Completed 30/356 [8%] station 42 (     Line002_026)  RMS=0.885  iters= 5  OK            time elapsed: 4.0 min, estimated time remaining: 43.2 min.
Completed 31/356 [9%] station 43 (     Line002_027)  RMS=0.991  iters= 5  OK            time elapsed: 4.1 min, estimated time remaining: 42.7 min.
Completed 32/356 [9%] station 01 (     Line001_002)  RMS=1.303  iters=51  NOT CONVERGED  time elapsed: 4.3 min, estimated time remaining: 43.9 min.
Completed 33/356 [9%] station 44 (     Line002_028)  RMS=0.947  iters= 6  OK            time elapsed: 4.4 min, estimated time remaining: 42.6 min.
Completed 34/356 [10%] station 46 (     Line002_030)  RMS=0.936  iters= 6  OK            time elapsed: 4.8 min, estimated time remaining: 45.7 min.
Completed 35/356 [10%] station 47 (     Line002_031)  RMS=0.970  iters= 6  OK            time elapsed: 5.0 min, estimated time remaining: 46.2 min.
Completed 36/356 [10%] station 45 (     Line002_029)  RMS=0.959  iters= 9  OK            time elapsed: 5.1 min, estimated time remaining: 45.1 min.
Completed 37/356 [10%] station 49 (     Line002_033)  RMS=0.969  iters= 5  OK            time elapsed: 5.2 min, estimated time remaining: 44.5 min.
Completed 38/356 [11%] station 50 (     Line002_034)  RMS=0.881  iters= 6  OK            time elapsed: 5.4 min, estimated time remaining: 45.1 min.
Completed 39/356 [11%] station 48 (     Line002_032)  RMS=0.915  iters= 9  OK            time elapsed: 5.5 min, estimated time remaining: 44.4 min.
Completed 40/356 [11%] station 53 (     Line003_003)  RMS=0.998  iters= 5  OK            time elapsed: 5.6 min, estimated time remaining: 43.9 min.
Completed 41/356 [12%] station 54 (     Line003_004)  RMS=0.996  iters= 7  OK            time elapsed: 5.9 min, estimated time remaining: 45.6 min.
Completed 42/356 [12%] station 55 (     Line003_005)  RMS=0.968  iters= 9  OK            time elapsed: 6.1 min, estimated time remaining: 45.8 min.
Completed 43/356 [12%] station 57 (     Line003_007)  RMS=0.984  iters= 5  OK            time elapsed: 6.4 min, estimated time remaining: 46.8 min.
Completed 44/356 [12%] station 58 (     Line003_008)  RMS=0.993  iters= 5  OK            time elapsed: 6.8 min, estimated time remaining: 48.0 min.
Completed 45/356 [13%] station 62 (     Line003_012)  RMS=0.934  iters= 5  OK            time elapsed: 7.3 min, estimated time remaining: 50.4 min.
Completed 46/356 [13%] station 24 (     Line002_008)  RMS=1.353  iters=48  NOT CONVERGED  time elapsed: 7.6 min, estimated time remaining: 51.4 min.
Completed 47/356 [13%] station 63 (     Line003_013)  RMS=0.889  iters= 6  OK            time elapsed: 7.9 min, estimated time remaining: 52.2 min.
Completed 48/356 [13%] station 56 (     Line003_006)  RMS=1.000  iters=18  OK            time elapsed: 8.3 min, estimated time remaining: 53.3 min.
Completed 49/356 [14%] station 64 (     Line003_014)  RMS=1.000  iters= 8  OK            time elapsed: 8.5 min, estimated time remaining: 53.3 min.
Completed 50/356 [14%] station 35 (     Line002_019)  RMS=1.068  iters=36  NOT CONVERGED  time elapsed: 8.6 min, estimated time remaining: 52.4 min.
Completed 51/356 [14%] station 65 (     Line003_015)  RMS=0.938  iters= 6  OK            time elapsed: 8.6 min, estimated time remaining: 51.7 min.
Completed 52/356 [15%] station 67 (     Line003_017)  RMS=0.911  iters= 5  OK            time elapsed: 9.1 min, estimated time remaining: 53.0 min.
Completed 53/356 [15%] station 34 (     Line002_018)  RMS=1.060  iters=37  NOT CONVERGED  time elapsed: 9.1 min, estimated time remaining: 52.0 min.
Completed 54/356 [15%] station 69 (     Line003_019)  RMS=0.984  iters= 6  OK            time elapsed: 9.5 min, estimated time remaining: 53.3 min.
Completed 55/356 [15%] station 71 (     Line003_021)  RMS=0.942  iters= 6  OK            time elapsed: 9.6 min, estimated time remaining: 52.4 min.
Completed 56/356 [16%] station 70 (     Line003_020)  RMS=1.000  iters= 7  OK            time elapsed: 9.7 min, estimated time remaining: 51.8 min.
Completed 57/356 [16%] station 36 (     Line002_020)  RMS=1.673  iters=48  NOT CONVERGED  time elapsed: 9.9 min, estimated time remaining: 51.7 min.
Completed 58/356 [16%] station 77 (     Line003_027)  RMS=0.982  iters= 3  OK            time elapsed: 10.1 min, estimated time remaining: 52.0 min.
Completed 59/356 [17%] station 74 (     Line003_024)  RMS=0.928  iters= 5  OK            time elapsed: 10.2 min, estimated time remaining: 51.2 min.
Completed 60/356 [17%] station 73 (     Line003_023)  RMS=0.972  iters= 7  OK            time elapsed: 10.2 min, estimated time remaining: 50.4 min.
Completed 61/356 [17%] station 66 (     Line003_016)  RMS=0.952  iters=12  OK            time elapsed: 10.2 min, estimated time remaining: 49.5 min.
Completed 62/356 [17%] station 72 (     Line003_022)  RMS=0.946  iters= 7  OK            time elapsed: 10.3 min, estimated time remaining: 48.6 min.
Completed 63/356 [18%] station 76 (     Line003_026)  RMS=0.959  iters= 5  OK            time elapsed: 10.4 min, estimated time remaining: 48.5 min.
Completed 64/356 [18%] station 75 (     Line003_025)  RMS=0.980  iters= 7  OK            time elapsed: 10.7 min, estimated time remaining: 48.6 min.
Completed 65/356 [18%] station 79 (     Line003_029)  RMS=0.942  iters= 4  OK            time elapsed: 10.7 min, estimated time remaining: 48.0 min.
Completed 66/356 [19%] station 80 (     Line003_030)  RMS=0.986  iters= 5  OK            time elapsed: 11.0 min, estimated time remaining: 48.1 min.
Completed 67/356 [19%] station 87 (     Line003_037)  RMS=0.887  iters= 6  OK            time elapsed: 11.0 min, estimated time remaining: 47.6 min.
Completed 68/356 [19%] station 88 (     Line003_038)  RMS=0.943  iters= 6  OK            time elapsed: 11.3 min, estimated time remaining: 47.9 min.
Completed 69/356 [19%] station 86 (     Line003_036)  RMS=0.911  iters= 7  OK            time elapsed: 11.3 min, estimated time remaining: 47.1 min.
Completed 70/356 [20%] station 92 (     Line004_004)  RMS=0.990  iters= 4  OK            time elapsed: 11.4 min, estimated time remaining: 46.7 min.
Completed 71/356 [20%] station 90 (     Line004_001)  RMS=0.999  iters= 6  OK            time elapsed: 11.5 min, estimated time remaining: 46.2 min.
Completed 72/356 [20%] station 89 (     Line003_039)  RMS=0.935  iters= 7  OK            time elapsed: 11.6 min, estimated time remaining: 45.7 min.
Completed 73/356 [21%] station 91 (     Line004_002)  RMS=1.000  iters= 8  OK            time elapsed: 12.2 min, estimated time remaining: 47.4 min.
Completed 74/356 [21%] station 94 (     Line004_008)  RMS=0.995  iters= 6  OK            time elapsed: 12.3 min, estimated time remaining: 46.9 min.
Completed 75/356 [21%] station 93 (     Line004_006)  RMS=0.994  iters= 7  OK            time elapsed: 12.4 min, estimated time remaining: 46.5 min.
Completed 76/356 [21%] station 98 (     Line004_012)  RMS=1.000  iters= 5  OK            time elapsed: 12.5 min, estimated time remaining: 46.2 min.
Completed 77/356 [22%] station 97 (     Line004_011)  RMS=0.961  iters= 8  OK            time elapsed: 12.6 min, estimated time remaining: 45.7 min.
Completed 78/356 [22%] station 95 (     Line004_009)  RMS=0.987  iters=10  OK            time elapsed: 12.7 min, estimated time remaining: 45.3 min.
Completed 79/356 [22%] station 99 (     Line004_014)  RMS=0.995  iters= 7  OK            time elapsed: 12.8 min, estimated time remaining: 45.0 min.
Completed 80/356 [22%] station 52 (     Line003_002)  RMS=1.539  iters=51  NOT CONVERGED  time elapsed: 12.9 min, estimated time remaining: 44.6 min.
Completed 81/356 [23%] station 101 (     Line004_016)  RMS=0.988  iters= 6  OK            time elapsed: 12.9 min, estimated time remaining: 43.9 min.
Completed 82/356 [23%] station 100 (     Line004_015)  RMS=0.955  iters= 8  OK            time elapsed: 13.0 min, estimated time remaining: 43.5 min.
Completed 83/356 [23%] station 102 (     Line004_017)  RMS=0.960  iters= 7  OK            time elapsed: 13.1 min, estimated time remaining: 43.0 min.
Completed 84/356 [24%] station 107 (     Line004_023)  RMS=0.960  iters= 6  OK            time elapsed: 13.4 min, estimated time remaining: 43.4 min.
Completed 85/356 [24%] station 106 (     Line004_022)  RMS=0.967  iters= 7  OK            time elapsed: 13.4 min, estimated time remaining: 42.9 min.
Completed 86/356 [24%] station 108 (     Line004_024)  RMS=0.884  iters= 7  OK            time elapsed: 13.6 min, estimated time remaining: 42.6 min.
Completed 87/356 [24%] station 104 (     Line004_019)  RMS=0.978  iters=10  OK            time elapsed: 13.7 min, estimated time remaining: 42.3 min.
Completed 88/356 [25%] station 103 (     Line004_018)  RMS=0.922  iters=10  OK            time elapsed: 13.7 min, estimated time remaining: 41.7 min.
Completed 89/356 [25%] station 105 (     Line004_021)  RMS=0.999  iters=10  OK            time elapsed: 13.8 min, estimated time remaining: 41.4 min.
Completed 90/356 [25%] station 112 (     Line004_029)  RMS=0.869  iters= 7  OK            time elapsed: 13.9 min, estimated time remaining: 41.0 min.
Completed 91/356 [26%] station 111 (     Line004_028)  RMS=0.993  iters= 8  OK            time elapsed: 13.9 min, estimated time remaining: 40.5 min.
Completed 92/356 [26%] station 113 (     Line004_030)  RMS=0.962  iters= 6  OK            time elapsed: 13.9 min, estimated time remaining: 40.0 min.
Completed 93/356 [26%] station 114 (     Line004_031)  RMS=0.983  iters= 6  OK            time elapsed: 14.1 min, estimated time remaining: 39.8 min.
Completed 94/356 [26%] station 115 (     Line004_032)  RMS=0.999  iters= 6  OK            time elapsed: 14.1 min, estimated time remaining: 39.2 min.
Completed 95/356 [27%] station 116 (     Line004_033)  RMS=1.000  iters= 7  OK            time elapsed: 14.3 min, estimated time remaining: 39.2 min.
Completed 96/356 [27%] station 117 (     Line004_034)  RMS=0.910  iters= 7  OK            time elapsed: 14.3 min, estimated time remaining: 38.7 min.
Completed 97/356 [27%] station 119 (     Line004_036)  RMS=1.000  iters= 6  OK            time elapsed: 14.4 min, estimated time remaining: 38.5 min.
Completed 98/356 [28%] station 118 (     Line004_035)  RMS=0.926  iters= 7  OK            time elapsed: 14.5 min, estimated time remaining: 38.1 min.
Completed 99/356 [28%] station 121 (     Line004_038)  RMS=0.949  iters= 6  OK            time elapsed: 14.5 min, estimated time remaining: 37.7 min.
Completed 100/356 [28%] station 120 (     Line004_037)  RMS=0.996  iters= 7  OK            time elapsed: 14.6 min, estimated time remaining: 37.3 min.
Completed 101/356 [28%] station 96 (     Line004_010)  RMS=1.074  iters=30  NOT CONVERGED  time elapsed: 14.8 min, estimated time remaining: 37.4 min.
Completed 102/356 [29%] station 124 (     Line004_041)  RMS=0.945  iters= 6  OK            time elapsed: 14.8 min, estimated time remaining: 36.9 min.
Completed 103/356 [29%] station 125 (     Line004_042)  RMS=0.977  iters= 6  OK            time elapsed: 15.0 min, estimated time remaining: 36.9 min.
Completed 104/356 [29%] station 127 (     Line004_045)  RMS=0.936  iters= 7  OK            time elapsed: 15.1 min, estimated time remaining: 36.5 min.
Completed 105/356 [29%] station 128 (     Line004_046)  RMS=0.972  iters= 6  OK            time elapsed: 15.3 min, estimated time remaining: 36.5 min.
Completed 106/356 [30%] station 131 (     Line004_052)  RMS=0.964  iters= 7  OK            time elapsed: 15.3 min, estimated time remaining: 36.2 min.
Completed 107/356 [30%] station 81 (     Line003_031)  RMS=2.534  iters=51  NOT CONVERGED  time elapsed: 15.4 min, estimated time remaining: 35.8 min.
Completed 108/356 [30%] station 133 (     Line004_055)  RMS=0.968  iters= 6  OK            time elapsed: 15.5 min, estimated time remaining: 35.6 min.
Completed 109/356 [31%] station 134 (     Line004_057)  RMS=0.978  iters= 5  OK            time elapsed: 15.5 min, estimated time remaining: 35.2 min.
Completed 110/356 [31%] station 132 (     Line004_054)  RMS=0.999  iters= 6  OK            time elapsed: 15.5 min, estimated time remaining: 34.8 min.
Completed 111/356 [31%] station 123 (     Line004_040)  RMS=0.999  iters=17  OK            time elapsed: 15.6 min, estimated time remaining: 34.3 min.
Completed 112/356 [31%] station 136 (     Line004_060)  RMS=0.997  iters= 5  OK            time elapsed: 15.7 min, estimated time remaining: 34.1 min.
Completed 113/356 [32%] station 135 (     Line004_059)  RMS=0.885  iters= 7  OK            time elapsed: 15.8 min, estimated time remaining: 33.9 min.
Completed 114/356 [32%] station 138 (     Line004_063)  RMS=0.947  iters= 6  OK            time elapsed: 15.9 min, estimated time remaining: 33.7 min.
Completed 115/356 [32%] station 139 (     Line004_064)  RMS=0.967  iters= 6  OK            time elapsed: 15.9 min, estimated time remaining: 33.3 min.
Completed 116/356 [33%] station 144 (     Line005_005)  RMS=0.888  iters= 4  OK            time elapsed: 16.0 min, estimated time remaining: 33.1 min.
Completed 117/356 [33%] station 137 (     Line004_062)  RMS=0.937  iters= 6  OK            time elapsed: 16.0 min, estimated time remaining: 32.7 min.
Completed 118/356 [33%] station 146 (     Line005_007)  RMS=0.986  iters= 3  OK            time elapsed: 16.0 min, estimated time remaining: 32.3 min.
Completed 119/356 [33%] station 145 (     Line005_006)  RMS=0.999  iters= 4  OK            time elapsed: 16.0 min, estimated time remaining: 31.9 min.
Completed 120/356 [34%] station 126 (     Line004_043)  RMS=1.130  iters=14  NOT CONVERGED  time elapsed: 16.2 min, estimated time remaining: 31.8 min.
Completed 121/356 [34%] station 147 (     Line005_008)  RMS=0.976  iters= 4  OK            time elapsed: 16.3 min, estimated time remaining: 31.6 min.
Completed 122/356 [34%] station 151 (     Line005_013)  RMS=0.999  iters= 3  OK            time elapsed: 16.3 min, estimated time remaining: 31.2 min.
Completed 123/356 [35%] station 150 (     Line005_012)  RMS=0.944  iters= 4  OK            time elapsed: 16.3 min, estimated time remaining: 30.8 min.
Completed 124/356 [35%] station 143 (     Line005_004)  RMS=0.874  iters= 7  OK            time elapsed: 16.3 min, estimated time remaining: 30.5 min.
Completed 125/356 [35%] station 149 (     Line005_011)  RMS=0.987  iters= 4  OK            time elapsed: 16.3 min, estimated time remaining: 30.2 min.
Completed 126/356 [35%] station 148 (     Line005_010)  RMS=0.941  iters= 5  OK            time elapsed: 16.4 min, estimated time remaining: 29.9 min.
Completed 127/356 [36%] station 152 (     Line005_015)  RMS=0.999  iters= 3  OK            time elapsed: 16.4 min, estimated time remaining: 29.6 min.
Completed 128/356 [36%] station 153 (     Line005_017)  RMS=0.999  iters= 3  OK            time elapsed: 16.4 min, estimated time remaining: 29.2 min.
Completed 129/356 [36%] station 154 (     Line005_018)  RMS=0.911  iters= 3  OK            time elapsed: 16.4 min, estimated time remaining: 28.9 min.
Completed 130/356 [37%] station 155 (     Line005_020)  RMS=0.999  iters= 3  OK            time elapsed: 16.4 min, estimated time remaining: 28.5 min.
Completed 131/356 [37%] station 156 (     Line005_022)  RMS=1.000  iters= 3  OK            time elapsed: 16.4 min, estimated time remaining: 28.2 min.
Completed 132/356 [37%] station 157 (     Line005_023)  RMS=0.882  iters= 3  OK            time elapsed: 16.5 min, estimated time remaining: 28.0 min.
Completed 133/356 [37%] station 158 (     Line005_024)  RMS=1.000  iters= 3  OK            time elapsed: 16.5 min, estimated time remaining: 27.7 min.
Completed 134/356 [38%] station 160 (     Line005_027)  RMS=0.962  iters= 3  OK            time elapsed: 16.5 min, estimated time remaining: 27.4 min.
Completed 135/356 [38%] station 167 (     Line005_034)  RMS=0.999  iters= 3  OK            time elapsed: 16.6 min, estimated time remaining: 27.1 min.
Completed 136/356 [38%] station 161 (     Line005_028)  RMS=0.973  iters= 4  OK            time elapsed: 16.7 min, estimated time remaining: 26.9 min.
Completed 137/356 [38%] station 169 (     Line005_038)  RMS=0.999  iters= 4  OK            time elapsed: 16.7 min, estimated time remaining: 26.7 min.
Completed 138/356 [39%] station 168 (     Line005_036)  RMS=0.999  iters= 4  OK            time elapsed: 16.7 min, estimated time remaining: 26.4 min.
Completed 139/356 [39%] station 170 (     Line005_040)  RMS=0.999  iters= 4  OK            time elapsed: 16.7 min, estimated time remaining: 26.1 min.
Completed 140/356 [39%] station 171 (     Line005_042)  RMS=0.999  iters= 4  OK            time elapsed: 16.7 min, estimated time remaining: 25.8 min.
Completed 141/356 [40%] station 179 (     Line005_054)  RMS=0.997  iters= 5  OK            time elapsed: 17.0 min, estimated time remaining: 25.9 min.
Completed 142/356 [40%] station 175 (     Line005_049)  RMS=0.988  iters= 7  OK            time elapsed: 17.0 min, estimated time remaining: 25.6 min.
Completed 143/356 [40%] station 173 (     Line005_045)  RMS=0.986  iters= 6  OK            time elapsed: 17.1 min, estimated time remaining: 25.4 min.
Completed 144/356 [40%] station 172 (     Line005_043)  RMS=0.998  iters= 6  OK            time elapsed: 17.1 min, estimated time remaining: 25.1 min.
Completed 145/356 [41%] station 159 (     Line005_026)  RMS=0.930  iters= 9  OK            time elapsed: 17.2 min, estimated time remaining: 25.0 min.
Completed 146/356 [41%] station 174 (     Line005_047)  RMS=0.992  iters= 7  OK            time elapsed: 17.2 min, estimated time remaining: 24.7 min.
Completed 147/356 [41%] station 180 (     Line005_055)  RMS=1.000  iters= 4  OK            time elapsed: 17.2 min, estimated time remaining: 24.4 min.
Completed 148/356 [42%] station 181 (     Line005_057)  RMS=0.999  iters= 5  OK            time elapsed: 17.2 min, estimated time remaining: 24.2 min.
Completed 149/356 [42%] station 186 (     Line005_064)  RMS=0.959  iters= 3  OK            time elapsed: 17.3 min, estimated time remaining: 24.0 min.
Completed 150/356 [42%] station 188 (     Line005_066)  RMS=1.000  iters= 3  OK            time elapsed: 17.3 min, estimated time remaining: 23.8 min.
Completed 151/356 [42%] station 189 (     Line005_067)  RMS=1.000  iters= 3  OK            time elapsed: 17.4 min, estimated time remaining: 23.6 min.
Completed 152/356 [43%] station 190 (     Line005_069)  RMS=0.954  iters= 3  OK            time elapsed: 17.4 min, estimated time remaining: 23.4 min.
Completed 153/356 [43%] station 191 (     Line005_071)  RMS=1.000  iters= 3  OK            time elapsed: 17.5 min, estimated time remaining: 23.2 min.
Completed 154/356 [43%] station 187 (     Line005_065)  RMS=0.871  iters= 6  OK            time elapsed: 17.6 min, estimated time remaining: 23.1 min.
Completed 155/356 [44%] station 192 (     Line005_072)  RMS=0.923  iters= 4  OK            time elapsed: 17.7 min, estimated time remaining: 22.9 min.
Completed 156/356 [44%] station 195 (     Line005_075)  RMS=0.852  iters= 3  OK            time elapsed: 17.8 min, estimated time remaining: 22.8 min.
Completed 157/356 [44%] station 184 (     Line005_062)  RMS=0.997  iters=12  OK            time elapsed: 17.9 min, estimated time remaining: 22.8 min.
Completed 158/356 [44%] station 193 (     Line005_073)  RMS=0.973  iters= 6  OK            time elapsed: 18.0 min, estimated time remaining: 22.6 min.
Completed 159/356 [45%] station 196 (     Line005_076)  RMS=0.930  iters= 5  OK            time elapsed: 18.1 min, estimated time remaining: 22.4 min.
Completed 160/356 [45%] station 198 (     Line005_078)  RMS=0.896  iters= 2  OK            time elapsed: 18.1 min, estimated time remaining: 22.2 min.
Completed 161/356 [45%] station 194 (     Line005_074)  RMS=0.953  iters= 6  OK            time elapsed: 18.2 min, estimated time remaining: 22.0 min.
Completed 162/356 [46%] station 200 (     Line005_080)  RMS=0.983  iters= 3  OK            time elapsed: 18.2 min, estimated time remaining: 21.8 min.
Completed 163/356 [46%] station 202 (     Line006_001)  RMS=0.859  iters= 3  OK            time elapsed: 18.2 min, estimated time remaining: 21.6 min.
Completed 164/356 [46%] station 197 (     Line005_077)  RMS=0.967  iters= 4  OK            time elapsed: 18.2 min, estimated time remaining: 21.3 min.
Completed 165/356 [46%] station 122 (     Line004_039)  RMS=1.989  iters=51  NOT CONVERGED  time elapsed: 18.5 min, estimated time remaining: 21.4 min.
Completed 166/356 [47%] station 204 (     Line006_003)  RMS=0.948  iters= 5  OK            time elapsed: 18.5 min, estimated time remaining: 21.2 min.
Completed 167/356 [47%] station 205 (     Line006_004)  RMS=0.975  iters= 7  OK            time elapsed: 18.8 min, estimated time remaining: 21.3 min.
Completed 168/356 [47%] station 207 (     Line006_006)  RMS=0.920  iters= 6  OK            time elapsed: 18.8 min, estimated time remaining: 21.1 min.
Completed 169/356 [47%] station 203 (     Line006_002)  RMS=0.949  iters= 8  OK            time elapsed: 18.8 min, estimated time remaining: 20.8 min.
Completed 170/356 [48%] station 208 (     Line006_007)  RMS=0.998  iters= 6  OK            time elapsed: 18.9 min, estimated time remaining: 20.6 min.
Completed 171/356 [48%] station 206 (     Line006_005)  RMS=0.881  iters= 9  OK            time elapsed: 19.0 min, estimated time remaining: 20.6 min.
Completed 172/356 [48%] station 211 (     Line006_010)  RMS=0.998  iters= 6  OK            time elapsed: 19.3 min, estimated time remaining: 20.6 min.
Completed 173/356 [49%] station 210 (     Line006_009)  RMS=0.898  iters= 6  OK            time elapsed: 19.3 min, estimated time remaining: 20.4 min.
Completed 174/356 [49%] station 212 (     Line006_011)  RMS=0.983  iters= 9  OK            time elapsed: 19.7 min, estimated time remaining: 20.6 min.
Completed 175/356 [49%] station 215 (     Line006_014)  RMS=0.996  iters= 7  OK            time elapsed: 20.0 min, estimated time remaining: 20.7 min.
Completed 176/356 [49%] station 209 (     Line006_008)  RMS=0.999  iters=12  OK            time elapsed: 20.0 min, estimated time remaining: 20.5 min.
Completed 177/356 [50%] station 214 (     Line006_013)  RMS=0.893  iters= 9  OK            time elapsed: 20.1 min, estimated time remaining: 20.3 min.
Completed 178/356 [50%] station 216 (     Line006_015)  RMS=0.943  iters= 6  OK            time elapsed: 20.1 min, estimated time remaining: 20.1 min.
Completed 179/356 [50%] station 142 (     Line005_003)  RMS=1.114  iters=51  NOT CONVERGED  time elapsed: 20.5 min, estimated time remaining: 20.3 min.
Completed 180/356 [51%] station 219 (     Line006_019)  RMS=0.955  iters= 6  OK            time elapsed: 20.6 min, estimated time remaining: 20.2 min.
Completed 181/356 [51%] station 220 (     Line006_021)  RMS=0.943  iters= 7  OK            time elapsed: 20.7 min, estimated time remaining: 20.0 min.
Completed 182/356 [51%] station 217 (     Line006_016)  RMS=0.911  iters= 9  OK            time elapsed: 20.8 min, estimated time remaining: 19.9 min.
Completed 183/356 [51%] station 218 (     Line006_018)  RMS=0.994  iters= 9  OK            time elapsed: 20.8 min, estimated time remaining: 19.6 min.
Completed 184/356 [52%] station 221 (     Line006_022)  RMS=0.989  iters= 8  OK            time elapsed: 21.2 min, estimated time remaining: 19.8 min.
Completed 185/356 [52%] station 183 (     Line005_060)  RMS=1.334  iters=51  NOT CONVERGED  time elapsed: 22.1 min, estimated time remaining: 20.4 min.
Completed 186/356 [52%] station 182 (     Line005_059)  RMS=1.826  iters=51  NOT CONVERGED  time elapsed: 22.1 min, estimated time remaining: 20.2 min.
Completed 187/356 [53%] station 227 (     Line007_001)  RMS=0.997  iters= 5  OK            time elapsed: 22.2 min, estimated time remaining: 20.1 min.
Completed 188/356 [53%] station 213 (     Line006_012)  RMS=9.559  iters=37  NOT CONVERGED  time elapsed: 22.3 min, estimated time remaining: 20.0 min.
Completed 189/356 [53%] station 224 (     Line006_025)  RMS=1.197  iters=20  NOT CONVERGED  time elapsed: 22.4 min, estimated time remaining: 19.8 min.
Completed 190/356 [53%] station 230 (     Line007_004)  RMS=0.969  iters= 4  OK            time elapsed: 22.5 min, estimated time remaining: 19.6 min.
Completed 191/356 [54%] station 231 (     Line007_005)  RMS=0.907  iters= 8  OK            time elapsed: 22.7 min, estimated time remaining: 19.6 min.
Completed 192/356 [54%] station 228 (     Line007_002)  RMS=13.614  iters=29  NOT CONVERGED  time elapsed: 23.9 min, estimated time remaining: 20.4 min.
Completed 193/356 [54%] station 223 (     Line006_024)  RMS=3.770  iters=51  NOT CONVERGED  time elapsed: 23.9 min, estimated time remaining: 20.2 min.
Completed 194/356 [54%] station 222 (     Line006_023)  RMS=4.529  iters=51  NOT CONVERGED  time elapsed: 24.0 min, estimated time remaining: 20.0 min.
Completed 195/356 [55%] station 235 (     Line007_009)  RMS=0.941  iters= 3  OK            time elapsed: 24.0 min, estimated time remaining: 19.8 min.
Completed 196/356 [55%] station 225 (     Line006_026)  RMS=1.067  iters=51  NOT CONVERGED  time elapsed: 24.1 min, estimated time remaining: 19.6 min.
Completed 197/356 [55%] station 236 (     Line007_010)  RMS=0.978  iters= 4  OK            time elapsed: 24.1 min, estimated time remaining: 19.5 min.
Completed 198/356 [56%] station 239 (     Line007_013)  RMS=0.998  iters= 3  OK            time elapsed: 24.2 min, estimated time remaining: 19.3 min.
Completed 199/356 [56%] station 238 (     Line007_012)  RMS=0.918  iters= 4  OK            time elapsed: 24.2 min, estimated time remaining: 19.1 min.
Completed 200/356 [56%] station 226 (     Line006_027)  RMS=10.872  iters=49  NOT CONVERGED  time elapsed: 24.2 min, estimated time remaining: 18.9 min.
Completed 201/356 [56%] station 240 (     Line007_014)  RMS=0.998  iters= 3  OK            time elapsed: 24.2 min, estimated time remaining: 18.7 min.
Completed 202/356 [57%] station 241 (     Line007_015)  RMS=0.965  iters= 3  OK            time elapsed: 24.3 min, estimated time remaining: 18.5 min.
Completed 203/356 [57%] station 242 (     Line007_016)  RMS=1.000  iters= 3  OK            time elapsed: 24.3 min, estimated time remaining: 18.3 min.
Completed 204/356 [57%] station 243 (     Line007_017)  RMS=0.979  iters= 4  OK            time elapsed: 24.4 min, estimated time remaining: 18.2 min.
Completed 205/356 [58%] station 245 (     Line007_019)  RMS=0.998  iters= 3  OK            time elapsed: 24.4 min, estimated time remaining: 18.0 min.
Completed 206/356 [58%] station 244 (     Line007_018)  RMS=0.985  iters= 4  OK            time elapsed: 24.4 min, estimated time remaining: 17.8 min.
Completed 207/356 [58%] station 237 (     Line007_011)  RMS=0.914  iters= 8  OK            time elapsed: 24.4 min, estimated time remaining: 17.6 min.
Completed 208/356 [58%] station 246 (     Line007_021)  RMS=0.985  iters= 3  OK            time elapsed: 24.4 min, estimated time remaining: 17.4 min.
Completed 209/356 [59%] station 250 (     Line007_025)  RMS=0.999  iters= 3  OK            time elapsed: 24.5 min, estimated time remaining: 17.2 min.
Completed 210/356 [59%] station 249 (     Line007_024)  RMS=0.929  iters= 4  OK            time elapsed: 24.5 min, estimated time remaining: 17.1 min.
Completed 211/356 [59%] station 247 (     Line007_022)  RMS=0.955  iters= 5  OK            time elapsed: 24.6 min, estimated time remaining: 16.9 min.
Completed 212/356 [60%] station 233 (     Line007_007)  RMS=8.206  iters=51  NOT CONVERGED  time elapsed: 24.6 min, estimated time remaining: 16.7 min.
Completed 213/356 [60%] station 232 (     Line007_006)  RMS=13.114  iters=30  NOT CONVERGED  time elapsed: 24.8 min, estimated time remaining: 16.6 min.
Completed 214/356 [60%] station 254 (     Line007_029)  RMS=0.973  iters= 5  OK            time elapsed: 24.8 min, estimated time remaining: 16.5 min.
Completed 215/356 [60%] station 256 (     Line007_031)  RMS=0.973  iters= 4  OK            time elapsed: 25.0 min, estimated time remaining: 16.4 min.
Completed 216/356 [61%] station 255 (     Line007_030)  RMS=0.943  iters= 5  OK            time elapsed: 25.0 min, estimated time remaining: 16.2 min.
Completed 217/356 [61%] station 257 (     Line007_032)  RMS=0.920  iters= 4  OK            time elapsed: 25.1 min, estimated time remaining: 16.1 min.
Completed 218/356 [61%] station 229 (     Line007_003)  RMS=2.161  iters=51  NOT CONVERGED  time elapsed: 25.1 min, estimated time remaining: 15.9 min.
Completed 219/356 [62%] station 258 (     Line007_033)  RMS=0.998  iters= 5  OK            time elapsed: 25.2 min, estimated time remaining: 15.8 min.
Completed 220/356 [62%] station 260 (     Line007_036)  RMS=0.968  iters= 5  OK            time elapsed: 25.4 min, estimated time remaining: 15.7 min.
Completed 221/356 [62%] station 261 (     Line007_038)  RMS=0.944  iters= 4  OK            time elapsed: 25.4 min, estimated time remaining: 15.5 min.
Completed 222/356 [62%] station 259 (     Line007_035)  RMS=0.953  iters= 6  OK            time elapsed: 25.4 min, estimated time remaining: 15.3 min.
Completed 223/356 [63%] station 262 (     Line007_040)  RMS=0.944  iters= 5  OK            time elapsed: 25.6 min, estimated time remaining: 15.3 min.
Completed 224/356 [63%] station 263 (     Line007_042)  RMS=0.975  iters= 5  OK            time elapsed: 25.6 min, estimated time remaining: 15.1 min.
Completed 225/356 [63%] station 264 (     Line007_043)  RMS=0.939  iters= 6  OK            time elapsed: 25.6 min, estimated time remaining: 14.9 min.
Completed 226/356 [63%] station 266 (     Line007_046)  RMS=1.000  iters= 5  OK            time elapsed: 25.8 min, estimated time remaining: 14.8 min.
Completed 227/356 [64%] station 267 (     Line007_048)  RMS=0.966  iters= 5  OK            time elapsed: 25.8 min, estimated time remaining: 14.7 min.
Completed 228/356 [64%] station 265 (     Line007_045)  RMS=0.998  iters= 6  OK            time elapsed: 25.8 min, estimated time remaining: 14.5 min.
Completed 229/356 [64%] station 269 (     Line007_050)  RMS=0.988  iters= 5  OK            time elapsed: 26.1 min, estimated time remaining: 14.4 min.
Completed 230/356 [65%] station 270 (     Line007_051)  RMS=0.996  iters= 5  OK            time elapsed: 26.1 min, estimated time remaining: 14.3 min.
Completed 231/356 [65%] station 268 (     Line007_049)  RMS=0.886  iters= 7  OK            time elapsed: 26.2 min, estimated time remaining: 14.2 min.
Completed 232/356 [65%] station 273 (     Line007_055)  RMS=0.969  iters= 5  OK            time elapsed: 26.4 min, estimated time remaining: 14.1 min.
Completed 233/356 [65%] station 272 (     Line007_054)  RMS=0.991  iters= 7  OK            time elapsed: 26.4 min, estimated time remaining: 14.0 min.
Completed 234/356 [66%] station 251 (     Line007_026)  RMS=10.278  iters=37  NOT CONVERGED  time elapsed: 26.6 min, estimated time remaining: 13.8 min.
Completed 235/356 [66%] station 274 (     Line007_056)  RMS=0.998  iters= 7  OK            time elapsed: 26.7 min, estimated time remaining: 13.7 min.
Completed 236/356 [66%] station 248 (     Line007_023)  RMS=5.982  iters=51  NOT CONVERGED  time elapsed: 27.2 min, estimated time remaining: 13.8 min.
Completed 237/356 [67%] station 234 (     Line007_008)  RMS=1.355  iters=51  NOT CONVERGED  time elapsed: 27.3 min, estimated time remaining: 13.7 min.
Completed 238/356 [67%] station 252 (     Line007_027)  RMS=3.897  iters=51  NOT CONVERGED  time elapsed: 27.4 min, estimated time remaining: 13.6 min.
Completed 239/356 [67%] station 253 (     Line007_028)  RMS=9.572  iters=51  NOT CONVERGED  time elapsed: 27.4 min, estimated time remaining: 13.4 min.
Completed 240/356 [67%] station 271 (     Line007_052)  RMS=1.183  iters=25  NOT CONVERGED  time elapsed: 27.6 min, estimated time remaining: 13.4 min.
Completed 241/356 [68%] station 279 (     Line007_061)  RMS=0.954  iters= 9  OK            time elapsed: 27.8 min, estimated time remaining: 13.3 min.
Completed 242/356 [68%] station 281 (     Line007_063)  RMS=5.040  iters= 9  NOT CONVERGED  time elapsed: 28.1 min, estimated time remaining: 13.2 min.
Completed 243/356 [68%] station 275 (     Line007_057)  RMS=1.277  iters=33  NOT CONVERGED  time elapsed: 28.3 min, estimated time remaining: 13.2 min.
Completed 244/356 [69%] station 276 (     Line007_058)  RMS=8.179  iters=51  NOT CONVERGED  time elapsed: 28.6 min, estimated time remaining: 13.1 min.
Completed 245/356 [69%] station 282 (     Line007_064)  RMS=13.689  iters=31  NOT CONVERGED  time elapsed: 29.3 min, estimated time remaining: 13.3 min.
Completed 246/356 [69%] station 277 (     Line007_059)  RMS=3.209  iters=51  NOT CONVERGED  time elapsed: 29.7 min, estimated time remaining: 13.3 min.
Completed 247/356 [69%] station 292 (     Line008_005)  RMS=0.831  iters= 9  OK            time elapsed: 30.2 min, estimated time remaining: 13.3 min.
Completed 248/356 [70%] station 293 (     Line008_007)  RMS=0.999  iters= 6  OK            time elapsed: 30.5 min, estimated time remaining: 13.3 min.
Completed 249/356 [70%] station 280 (     Line007_062)  RMS=4.632  iters=51  NOT CONVERGED  time elapsed: 30.6 min, estimated time remaining: 13.1 min.
Completed 250/356 [70%] station 283 (     Line007_065)  RMS=1.425  iters=51  NOT CONVERGED  time elapsed: 30.7 min, estimated time remaining: 13.0 min.
Completed 251/356 [71%] station 294 (     Line008_009)  RMS=0.999  iters= 6  OK            time elapsed: 30.8 min, estimated time remaining: 12.9 min.
Completed 252/356 [71%] station 278 (     Line007_060)  RMS=9.824  iters=51  NOT CONVERGED  time elapsed: 30.9 min, estimated time remaining: 12.7 min.
Completed 253/356 [71%] station 295 (     Line008_011)  RMS=1.000  iters= 6  OK            time elapsed: 30.9 min, estimated time remaining: 12.6 min.
Completed 254/356 [71%] station 301 (     Line008_019)  RMS=1.000  iters= 5  OK            time elapsed: 31.1 min, estimated time remaining: 12.5 min.
Completed 255/356 [72%] station 296 (     Line008_012)  RMS=0.853  iters= 9  OK            time elapsed: 31.1 min, estimated time remaining: 12.3 min.
Completed 256/356 [72%] station 298 (     Line008_016)  RMS=0.999  iters= 6  OK            time elapsed: 31.2 min, estimated time remaining: 12.2 min.
Completed 257/356 [72%] station 284 (     Line007_066)  RMS=2.545  iters=51  NOT CONVERGED  time elapsed: 31.3 min, estimated time remaining: 12.0 min.
Completed 258/356 [72%] station 302 (     Line008_021)  RMS=0.964  iters= 5  OK            time elapsed: 31.3 min, estimated time remaining: 11.9 min.
Completed 259/356 [73%] station 285 (     Line007_067)  RMS=1.013  iters=51  NOT CONVERGED  time elapsed: 31.3 min, estimated time remaining: 11.7 min.
Completed 260/356 [73%] station 297 (     Line008_014)  RMS=0.892  iters= 9  OK            time elapsed: 31.3 min, estimated time remaining: 11.6 min.
Completed 261/356 [73%] station 303 (     Line008_022)  RMS=0.934  iters= 6  OK            time elapsed: 31.4 min, estimated time remaining: 11.4 min.
Completed 262/356 [74%] station 304 (     Line008_024)  RMS=0.967  iters= 7  OK            time elapsed: 31.5 min, estimated time remaining: 11.3 min.
Completed 263/356 [74%] station 305 (     Line008_025)  RMS=0.964  iters= 6  OK            time elapsed: 31.5 min, estimated time remaining: 11.1 min.
Completed 264/356 [74%] station 306 (     Line008_027)  RMS=0.989  iters= 6  OK            time elapsed: 31.5 min, estimated time remaining: 11.0 min.
Completed 265/356 [74%] station 307 (     Line008_029)  RMS=0.864  iters= 6  OK            time elapsed: 31.5 min, estimated time remaining: 10.8 min.
Completed 266/356 [75%] station 308 (     Line008_030)  RMS=0.989  iters= 6  OK            time elapsed: 31.6 min, estimated time remaining: 10.7 min.
Completed 267/356 [75%] station 310 (     Line008_032)  RMS=0.984  iters= 6  OK            time elapsed: 31.7 min, estimated time remaining: 10.6 min.
Completed 268/356 [75%] station 286 (     Line007_068)  RMS=6.143  iters=51  NOT CONVERGED  time elapsed: 31.7 min, estimated time remaining: 10.4 min.
Completed 269/356 [76%] station 312 (     Line008_034)  RMS=0.943  iters= 5  OK            time elapsed: 31.7 min, estimated time remaining: 10.3 min.
Completed 270/356 [76%] station 314 (     Line008_036)  RMS=0.971  iters= 7  OK            time elapsed: 31.9 min, estimated time remaining: 10.2 min.
Completed 271/356 [76%] station 313 (     Line008_035)  RMS=0.879  iters= 8  OK            time elapsed: 31.9 min, estimated time remaining: 10.0 min.
Completed 272/356 [76%] station 311 (     Line008_033)  RMS=0.977  iters= 9  OK            time elapsed: 32.0 min, estimated time remaining: 9.9 min.
Completed 273/356 [77%] station 316 (     Line008_039)  RMS=0.997  iters= 7  OK            time elapsed: 32.0 min, estimated time remaining: 9.7 min.
Completed 274/356 [77%] station 315 (     Line008_037)  RMS=0.987  iters= 8  OK            time elapsed: 32.0 min, estimated time remaining: 9.6 min.
Completed 275/356 [77%] station 318 (     Line008_043)  RMS=0.997  iters= 7  OK            time elapsed: 32.1 min, estimated time remaining: 9.4 min.
Completed 276/356 [78%] station 317 (     Line008_041)  RMS=0.884  iters= 7  OK            time elapsed: 32.1 min, estimated time remaining: 9.3 min.
Completed 277/356 [78%] station 287 (     Line007_069)  RMS=3.875  iters=51  NOT CONVERGED  time elapsed: 32.2 min, estimated time remaining: 9.2 min.
Completed 278/356 [78%] station 319 (     Line008_045)  RMS=0.984  iters= 7  OK            time elapsed: 32.2 min, estimated time remaining: 9.0 min.
Completed 279/356 [78%] station 320 (     Line008_047)  RMS=0.851  iters= 7  OK            time elapsed: 32.3 min, estimated time remaining: 8.9 min.
Completed 280/356 [79%] station 322 (     Line008_049)  RMS=0.988  iters= 6  OK            time elapsed: 32.3 min, estimated time remaining: 8.8 min.
Completed 281/356 [79%] station 323 (     Line008_050)  RMS=0.954  iters= 7  OK            time elapsed: 32.4 min, estimated time remaining: 8.6 min.
Completed 282/356 [79%] station 324 (     Line008_052)  RMS=0.814  iters= 7  OK            time elapsed: 32.4 min, estimated time remaining: 8.5 min.
Completed 283/356 [79%] station 325 (     Line008_053)  RMS=0.998  iters= 7  OK            time elapsed: 32.4 min, estimated time remaining: 8.4 min.
Completed 284/356 [80%] station 321 (     Line008_048)  RMS=0.910  iters=10  OK            time elapsed: 32.5 min, estimated time remaining: 8.2 min.
Completed 285/356 [80%] station 327 (     Line008_055)  RMS=0.997  iters= 7  OK            time elapsed: 32.6 min, estimated time remaining: 8.1 min.
Completed 286/356 [80%] station 326 (     Line008_054)  RMS=0.985  iters= 7  OK            time elapsed: 32.6 min, estimated time remaining: 8.0 min.
Completed 287/356 [81%] station 329 (     Line008_057)  RMS=0.914  iters= 6  OK            time elapsed: 32.6 min, estimated time remaining: 7.8 min.
Completed 288/356 [81%] station 330 (     Line008_058)  RMS=0.994  iters= 6  OK            time elapsed: 32.7 min, estimated time remaining: 7.7 min.
Completed 289/356 [81%] station 328 (     Line008_056)  RMS=0.952  iters= 7  OK            time elapsed: 32.7 min, estimated time remaining: 7.6 min.
Completed 290/356 [81%] station 331 (     Line008_059)  RMS=0.907  iters= 6  OK            time elapsed: 32.7 min, estimated time remaining: 7.4 min.
Completed 291/356 [82%] station 332 (     Line008_060)  RMS=0.967  iters= 6  OK            time elapsed: 32.7 min, estimated time remaining: 7.3 min.
Completed 292/356 [82%] station 341 (     Line009_002)  RMS=0.979  iters= 4  OK            time elapsed: 32.8 min, estimated time remaining: 7.2 min.
Completed 293/356 [82%] station 333 (     Line008_061)  RMS=0.940  iters= 7  OK            time elapsed: 32.8 min, estimated time remaining: 7.1 min.
Completed 294/356 [83%] station 334 (     Line008_062)  RMS=1.000  iters= 6  OK            time elapsed: 32.9 min, estimated time remaining: 6.9 min.
Completed 295/356 [83%] station 342 (     Line009_003)  RMS=0.884  iters= 5  OK            time elapsed: 32.9 min, estimated time remaining: 6.8 min.
Completed 296/356 [83%] station 340 (     Line009_001)  RMS=0.993  iters= 6  OK            time elapsed: 32.9 min, estimated time remaining: 6.7 min.
Completed 297/356 [83%] station 336 (     Line008_065)  RMS=0.999  iters= 6  OK            time elapsed: 32.9 min, estimated time remaining: 6.5 min.
Completed 298/356 [84%] station 335 (     Line008_064)  RMS=0.954  iters= 7  OK            time elapsed: 32.9 min, estimated time remaining: 6.4 min.
Completed 299/356 [84%] station 337 (     Line008_066)  RMS=0.713  iters= 8  OK            time elapsed: 33.1 min, estimated time remaining: 6.3 min.
Completed 300/356 [84%] station 346 (     Line009_008)  RMS=0.899  iters= 7  OK            time elapsed: 33.3 min, estimated time remaining: 6.2 min.
Completed 301/356 [85%] station 343 (     Line009_004)  RMS=0.989  iters= 9  OK            time elapsed: 33.3 min, estimated time remaining: 6.1 min.
Completed 302/356 [85%] station 347 (     Line009_010)  RMS=0.999  iters= 7  OK            time elapsed: 33.3 min, estimated time remaining: 6.0 min.
Completed 303/356 [85%] station 356 (     Line009_022)  RMS=0.943  iters= 5  OK            time elapsed: 33.4 min, estimated time remaining: 5.8 min.
Completed 304/356 [85%] station 348 (     Line009_011)  RMS=0.985  iters=13  OK            time elapsed: 33.4 min, estimated time remaining: 5.7 min.
Completed 305/356 [86%] station 349 (     Line009_013)  RMS=0.999  iters=13  OK            time elapsed: 33.4 min, estimated time remaining: 5.6 min.
Completed 306/356 [86%] station 355 (     Line009_021)  RMS=0.965  iters=12  OK            time elapsed: 33.5 min, estimated time remaining: 5.5 min.
Completed 307/356 [86%] station 357 (     Line009_023)  RMS=0.930  iters= 6  OK            time elapsed: 33.6 min, estimated time remaining: 5.4 min.
Completed 308/356 [87%] station 359 (     Line009_027)  RMS=0.976  iters= 6  OK            time elapsed: 33.6 min, estimated time remaining: 5.2 min.
Completed 309/356 [87%] station 358 (     Line009_025)  RMS=0.900  iters= 7  OK            time elapsed: 33.7 min, estimated time remaining: 5.1 min.
Completed 310/356 [87%] station 360 (     Line009_029)  RMS=0.944  iters= 6  OK            time elapsed: 33.7 min, estimated time remaining: 5.0 min.
Completed 311/356 [87%] station 361 (     Line009_030)  RMS=0.945  iters= 7  OK            time elapsed: 33.8 min, estimated time remaining: 4.9 min.
Completed 312/356 [88%] station 362 (     Line009_031)  RMS=0.960  iters= 8  OK            time elapsed: 33.8 min, estimated time remaining: 4.8 min.
Completed 313/356 [88%] station 344 (     Line009_006)  RMS=0.996  iters=16  OK            time elapsed: 33.8 min, estimated time remaining: 4.6 min.
Completed 314/356 [88%] station 363 (     Line009_033)  RMS=0.957  iters= 7  OK            time elapsed: 33.9 min, estimated time remaining: 4.5 min.
Completed 315/356 [88%] station 365 (     Line009_035)  RMS=0.913  iters= 7  OK            time elapsed: 34.0 min, estimated time remaining: 4.4 min.
Completed 316/356 [89%] station 374 (     Line009_049)  RMS=0.979  iters= 4  OK            time elapsed: 34.1 min, estimated time remaining: 4.3 min.
Completed 317/356 [89%] station 369 (     Line009_040)  RMS=0.940  iters= 8  OK            time elapsed: 34.1 min, estimated time remaining: 4.2 min.
Completed 318/356 [89%] station 371 (     Line009_043)  RMS=0.918  iters= 7  OK            time elapsed: 34.1 min, estimated time remaining: 4.1 min.
Completed 319/356 [90%] station 372 (     Line009_045)  RMS=0.923  iters= 7  OK            time elapsed: 34.2 min, estimated time remaining: 4.0 min.
Completed 320/356 [90%] station 370 (     Line009_042)  RMS=0.914  iters= 8  OK            time elapsed: 34.2 min, estimated time remaining: 3.8 min.
Completed 321/356 [90%] station 373 (     Line009_047)  RMS=0.898  iters= 7  OK            time elapsed: 34.2 min, estimated time remaining: 3.7 min.
Completed 322/356 [90%] station 364 (     Line009_034)  RMS=0.976  iters=12  OK            time elapsed: 34.3 min, estimated time remaining: 3.6 min.
Completed 323/356 [91%] station 375 (     Line009_050)  RMS=0.934  iters= 7  OK            time elapsed: 34.4 min, estimated time remaining: 3.5 min.
Completed 324/356 [91%] station 376 (     Line009_051)  RMS=0.920  iters= 7  OK            time elapsed: 34.5 min, estimated time remaining: 3.4 min.
Completed 325/356 [91%] station 380 (     Line009_058)  RMS=0.980  iters= 6  OK            time elapsed: 34.5 min, estimated time remaining: 3.3 min.
Completed 326/356 [92%] station 377 (     Line009_053)  RMS=0.909  iters= 7  OK            time elapsed: 34.5 min, estimated time remaining: 3.2 min.
Completed 327/356 [92%] station 378 (     Line009_055)  RMS=0.910  iters= 7  OK            time elapsed: 34.5 min, estimated time remaining: 3.1 min.
Completed 328/356 [92%] station 382 (     Line009_060)  RMS=0.970  iters= 7  OK            time elapsed: 34.6 min, estimated time remaining: 3.0 min.
Completed 329/356 [92%] station 379 (     Line009_057)  RMS=0.916  iters= 7  OK            time elapsed: 34.6 min, estimated time remaining: 2.8 min.
Completed 330/356 [93%] station 383 (     Line009_061)  RMS=0.939  iters= 7  OK            time elapsed: 34.6 min, estimated time remaining: 2.7 min.
Completed 331/356 [93%] station 387 (     Line009_065)  RMS=0.926  iters= 5  OK            time elapsed: 34.7 min, estimated time remaining: 2.6 min.
Completed 332/356 [93%] station 388 (     Line009_066)  RMS=0.982  iters= 6  OK            time elapsed: 34.8 min, estimated time remaining: 2.5 min.
Completed 333/356 [94%] station 386 (     Line009_064)  RMS=0.928  iters= 6  OK            time elapsed: 34.8 min, estimated time remaining: 2.4 min.
Completed 334/356 [94%] station 395 (     Line009_073)  RMS=0.960  iters= 3  OK            time elapsed: 34.8 min, estimated time remaining: 2.3 min.
Completed 335/356 [94%] station 384 (     Line009_062)  RMS=0.914  iters= 8  OK            time elapsed: 34.8 min, estimated time remaining: 2.2 min.
Completed 336/356 [94%] station 385 (     Line009_063)  RMS=0.917  iters= 9  OK            time elapsed: 35.0 min, estimated time remaining: 2.1 min.
Completed 337/356 [95%] station 404 (     Line009_084)  RMS=1.000  iters= 6  OK            time elapsed: 35.3 min, estimated time remaining: 2.0 min.
Completed 338/356 [95%] station 403 (     Line009_083)  RMS=0.946  iters=10  OK            time elapsed: 35.3 min, estimated time remaining: 1.9 min.
Completed 339/356 [95%] station 390 (     Line009_068)  RMS=1.230  iters=12  NOT CONVERGED  time elapsed: 35.4 min, estimated time remaining: 1.8 min.
Completed 340/356 [96%] station 398 (     Line009_076)  RMS=2.597  iters=51  NOT CONVERGED  time elapsed: 36.3 min, estimated time remaining: 1.7 min.
Completed 341/356 [96%] station 408 (     Line010_003)  RMS=0.899  iters= 7  OK            time elapsed: 36.7 min, estimated time remaining: 1.6 min.
Completed 342/356 [96%] station 409 (     Line010_004)  RMS=0.933  iters= 7  OK            time elapsed: 37.0 min, estimated time remaining: 1.5 min.
Completed 343/356 [96%] station 391 (     Line009_069)  RMS=1.814  iters=43  NOT CONVERGED  time elapsed: 37.0 min, estimated time remaining: 1.4 min.
Completed 344/356 [97%] station 411 (     Line010_006)  RMS=0.996  iters= 7  OK            time elapsed: 37.3 min, estimated time remaining: 1.3 min.
Completed 345/356 [97%] station 412 (     Line010_007)  RMS=0.905  iters= 6  OK            time elapsed: 37.6 min, estimated time remaining: 1.2 min.
Completed 346/356 [97%] station 399 (     Line009_078)  RMS=2.839  iters=51  NOT CONVERGED  time elapsed: 37.7 min, estimated time remaining: 1.1 min.
Completed 347/356 [97%] station 413 (     Line010_008)  RMS=0.897  iters= 6  OK            time elapsed: 37.9 min, estimated time remaining: 59.0 s.
Completed 348/356 [98%] station 414 (     Line010_010)  RMS=0.979  iters= 6  OK            time elapsed: 38.0 min, estimated time remaining: 52.4 s.
Completed 349/356 [98%] station 410 (     Line010_005)  RMS=16.896  iters=14  NOT CONVERGED  time elapsed: 38.0 min, estimated time remaining: 45.8 s.
Completed 350/356 [98%] station 415 (     Line010_011)  RMS=0.927  iters= 6  OK            time elapsed: 38.2 min, estimated time remaining: 39.3 s.
Completed 351/356 [99%] station 416 (     Line010_012)  RMS=0.987  iters= 5  OK            time elapsed: 38.2 min, estimated time remaining: 32.6 s.
Completed 352/356 [99%] station 394 (     Line009_072)  RMS=1.057  iters=51  NOT CONVERGED  time elapsed: 38.3 min, estimated time remaining: 26.1 s.
Completed 353/356 [99%] station 400 (     Line009_080)  RMS=2.409  iters=51  NOT CONVERGED  time elapsed: 38.3 min, estimated time remaining: 19.5 s.
Completed 354/356 [99%] station 406 (     Line010_001)  RMS=10.832  iters=51  NOT CONVERGED  time elapsed: 38.4 min, estimated time remaining: 13.0 s.
Completed 355/356 [100%] station 407 (     Line010_002)  RMS=3.023  iters=51  NOT CONVERGED  time elapsed: 38.5 min, estimated time remaining: 6.5 s.
Completed 356/356 [100%] station 405 (     Line009_085)  RMS=10.776  iters=51  NOT CONVERGED  time elapsed: 38.5 min, estimated time remaining: 0.0 s.
Inverted 356/417 stations in 2311.7 s.
Converged 305/356, not converged 51/356.